Component: Arm Compiler for Embedded 6.22 Tool: armlink [5ee90200]

==============================================================================

Section Cross References

    startup_stm32g030xx.o(STACK) refers (Special) to heapauxi.o(.text) for __use_two_region_memory
    startup_stm32g030xx.o(HEAP) refers (Special) to heapauxi.o(.text) for __use_two_region_memory
    startup_stm32g030xx.o(RESET) refers (Special) to heapauxi.o(.text) for __use_two_region_memory
    startup_stm32g030xx.o(RESET) refers to startup_stm32g030xx.o(STACK) for __initial_sp
    startup_stm32g030xx.o(RESET) refers to startup_stm32g030xx.o(.text) for Reset_Handler
    startup_stm32g030xx.o(RESET) refers to stm32g0xx_it.o(.text.NMI_Handler) for NMI_Handler
    startup_stm32g030xx.o(RESET) refers to stm32g0xx_it.o(.text.HardFault_Handler) for HardFault_Handler
    startup_stm32g030xx.o(RESET) refers to stm32g0xx_it.o(.text.SVC_Handler) for SVC_Handler
    startup_stm32g030xx.o(RESET) refers to stm32g0xx_it.o(.text.PendSV_Handler) for PendSV_Handler
    startup_stm32g030xx.o(RESET) refers to stm32g0xx_it.o(.text.SysTick_Handler) for SysTick_Handler
    startup_stm32g030xx.o(RESET) refers to stm32g0xx_it.o(.text.EXTI4_15_IRQHandler) for EXTI4_15_IRQHandler
    startup_stm32g030xx.o(.text) refers (Special) to heapauxi.o(.text) for __use_two_region_memory
    startup_stm32g030xx.o(.text) refers to system_stm32g0xx.o(.text.SystemInit) for SystemInit
    startup_stm32g030xx.o(.text) refers to __main.o(!!!main) for __main
    startup_stm32g030xx.o(.text) refers to startup_stm32g030xx.o(HEAP) for Heap_Mem
    startup_stm32g030xx.o(.text) refers to startup_stm32g030xx.o(STACK) for Stack_Mem
    flash.o(.ARM.exidx.text.get_rem_data) refers to flash.o(.text.get_rem_data) for [Anonymous Symbol]
    flash.o(.text.stm32_FLASH_ErasePage) refers to stm32g0xx_hal_flash.o(.text.HAL_FLASH_Unlock) for HAL_FLASH_Unlock
    flash.o(.text.stm32_FLASH_ErasePage) refers to stm32g0xx_hal_flash_ex.o(.text.HAL_FLASHEx_Erase) for HAL_FLASHEx_Erase
    flash.o(.text.stm32_FLASH_ErasePage) refers to stm32g0xx_hal_flash.o(.text.HAL_FLASH_Lock) for HAL_FLASH_Lock
    flash.o(.ARM.exidx.text.stm32_FLASH_ErasePage) refers to flash.o(.text.stm32_FLASH_ErasePage) for [Anonymous Symbol]
    flash.o(.ARM.exidx.text.STMFLASH_ReadByte) refers to flash.o(.text.STMFLASH_ReadByte) for [Anonymous Symbol]
    flash.o(.ARM.exidx.text.STMFLASH_Read_Byte) refers to flash.o(.text.STMFLASH_Read_Byte) for [Anonymous Symbol]
    flash.o(.text.STMFLASH_Write_64) refers to stm32g0xx_hal_flash.o(.text.HAL_FLASH_Unlock) for HAL_FLASH_Unlock
    flash.o(.text.STMFLASH_Write_64) refers to stm32g0xx_hal_flash_ex.o(.text.HAL_FLASHEx_Erase) for HAL_FLASHEx_Erase
    flash.o(.text.STMFLASH_Write_64) refers to stm32g0xx_hal_flash.o(.text.HAL_FLASH_Program) for HAL_FLASH_Program
    flash.o(.text.STMFLASH_Write_64) refers to stm32g0xx_hal_flash.o(.text.HAL_FLASH_Lock) for HAL_FLASH_Lock
    flash.o(.ARM.exidx.text.STMFLASH_Write_64) refers to flash.o(.text.STMFLASH_Write_64) for [Anonymous Symbol]
    main.o(.ARM.exidx.text.for_delay_us) refers to main.o(.text.for_delay_us) for [Anonymous Symbol]
    main.o(.text.SDA_AS_INT) refers to stm32g0xx_hal_gpio.o(.text.HAL_GPIO_Init) for HAL_GPIO_Init
    main.o(.text.SDA_AS_INT) refers to main.o(.bss..L_MergedGlobals.11) for [Anonymous Symbol]
    main.o(.ARM.exidx.text.SDA_AS_INT) refers to main.o(.text.SDA_AS_INT) for [Anonymous Symbol]
    main.o(.text.SDA_AS_output) refers to stm32g0xx_hal_gpio.o(.text.HAL_GPIO_Init) for HAL_GPIO_Init
    main.o(.text.SDA_AS_output) refers to main.o(.bss..L_MergedGlobals.11) for [Anonymous Symbol]
    main.o(.ARM.exidx.text.SDA_AS_output) refers to main.o(.text.SDA_AS_output) for [Anonymous Symbol]
    main.o(.text.SDA_I2C_W) refers to stm32g0xx_hal_gpio.o(.text.HAL_GPIO_Init) for HAL_GPIO_Init
    main.o(.text.SDA_I2C_W) refers to stm32g0xx_hal_gpio.o(.text.HAL_GPIO_WritePin) for HAL_GPIO_WritePin
    main.o(.text.SDA_I2C_W) refers to main.o(.bss..L_MergedGlobals.11) for [Anonymous Symbol]
    main.o(.ARM.exidx.text.SDA_I2C_W) refers to main.o(.text.SDA_I2C_W) for [Anonymous Symbol]
    main.o(.ARM.exidx.text.Add_OddEven) refers to main.o(.text.Add_OddEven) for [Anonymous Symbol]
    main.o(.ARM.exidx.text.Check_OddEven) refers to main.o(.text.Check_OddEven) for [Anonymous Symbol]
    main.o(.text.cover_to_distance) refers to aeabi_sdivfast.o(.text_divfast) for __aeabi_uidiv
    main.o(.text.cover_to_distance) refers to main.o(.bss.table_point) for table_point
    main.o(.ARM.exidx.text.cover_to_distance) refers to main.o(.text.cover_to_distance) for [Anonymous Symbol]
    main.o(.text.clk_int_callback) refers to stm32g0xx_hal_gpio.o(.text.HAL_GPIO_ReadPin) for HAL_GPIO_ReadPin
    main.o(.text.clk_int_callback) refers to stm32g0xx_hal_gpio.o(.text.HAL_GPIO_Init) for HAL_GPIO_Init
    main.o(.text.clk_int_callback) refers to stm32g0xx_hal_gpio.o(.text.HAL_GPIO_WritePin) for HAL_GPIO_WritePin
[...]
    [Anonymous Symbol]                       0x08002014   Section        0  stm32g0xx_hal_gpio.o(.text.HAL_GPIO_EXTI_IRQHandler)
    __arm_cp.6_0                             0x08002038   Number         4  stm32g0xx_hal_gpio.o(.text.HAL_GPIO_EXTI_IRQHandler)
    [Anonymous Symbol]                       0x0800203c   Section        0  main.o(.text.HAL_GPIO_EXTI_Rising_Callback)
    __arm_cp.9_0                             0x08002070   Number         4  main.o(.text.HAL_GPIO_EXTI_Rising_Callback)
    [Anonymous Symbol]                       0x08002074   Section        0  stm32g0xx_hal_gpio.o(.text.HAL_GPIO_Init)
    __arm_cp.0_0                             0x08002210   Number         4  stm32g0xx_hal_gpio.o(.text.HAL_GPIO_Init)
    __arm_cp.0_1                             0x08002214   Number         4  stm32g0xx_hal_gpio.o(.text.HAL_GPIO_Init)
    __arm_cp.0_2                             0x08002218   Number         4  stm32g0xx_hal_gpio.o(.text.HAL_GPIO_Init)
    __arm_cp.0_3                             0x0800221c   Number         4  stm32g0xx_hal_gpio.o(.text.HAL_GPIO_Init)
    __arm_cp.0_4                             0x08002220   Number         4  stm32g0xx_hal_gpio.o(.text.HAL_GPIO_Init)
    [Anonymous Symbol]                       0x08002224   Section        0  stm32g0xx_hal_gpio.o(.text.HAL_GPIO_ReadPin)
    [Anonymous Symbol]                       0x0800222e   Section        0  stm32g0xx_hal_gpio.o(.text.HAL_GPIO_WritePin)
    [Anonymous Symbol]                       0x08002240   Section        0  stm32g0xx_hal.o(.text.HAL_GetTick)
    [Anonymous Symbol]                       0x08002248   Section        0  stm32g0xx_hal_i2c_ex.o(.text.HAL_I2CEx_ConfigAnalogFilter)
    [Anonymous Symbol]                       0x0800228a   Section        0  stm32g0xx_hal_i2c_ex.o(.text.HAL_I2CEx_ConfigDigitalFilter)
    [Anonymous Symbol]                       0x080022cc   Section        0  stm32g0xx_hal_i2c_ex.o(.text.HAL_I2CEx_EnableFastModePlus)
    __arm_cp.4_0                             0x080022ec   Number         4  stm32g0xx_hal_i2c_ex.o(.text.HAL_I2CEx_EnableFastModePlus)
    __arm_cp.4_1                             0x080022f0   Number         4  stm32g0xx_hal_i2c_ex.o(.text.HAL_I2CEx_EnableFastModePlus)
    [Anonymous Symbol]                       0x080022f4   Section        0  stm32g0xx_hal_i2c.o(.text.HAL_I2C_GetError)
    [Anonymous Symbol]                       0x080022f8   Section        0  stm32g0xx_hal_i2c.o(.text.HAL_I2C_Init)
    __arm_cp.0_0                             0x080023a4   Number         4  stm32g0xx_hal_i2c.o(.text.HAL_I2C_Init)
    __arm_cp.0_1                             0x080023a8   Number         4  stm32g0xx_hal_i2c.o(.text.HAL_I2C_Init)
    [Anonymous Symbol]                       0x080023ac   Section        0  stm32g0xx_hal_i2c.o(.text.HAL_I2C_Master_Transmit)
    __arm_cp.4_0                             0x08002560   Number         4  stm32g0xx_hal_i2c.o(.text.HAL_I2C_Master_Transmit)
    __arm_cp.4_1                             0x08002564   Number         4  stm32g0xx_hal_i2c.o(.text.HAL_I2C_Master_Transmit)
    __arm_cp.4_2                             0x08002568   Number         4  stm32g0xx_hal_i2c.o(.text.HAL_I2C_Master_Transmit)
    __arm_cp.4_3                             0x0800256c   Number         4  stm32g0xx_hal_i2c.o(.text.HAL_I2C_Master_Transmit)
    __arm_cp.4_4                             0x08002570   Number         4  stm32g0xx_hal_i2c.o(.text.HAL_I2C_Master_Transmit)
    [Anonymous Symbol]                       0x08002574   Section        0  i2c.o(.text.HAL_I2C_MspInit)
    __arm_cp.1_0                             0x080025f0   Number         4  i2c.o(.text.HAL_I2C_MspInit)
    __arm_cp.1_1                             0x080025f4   Number         4  i2c.o(.text.HAL_I2C_MspInit)
    __arm_cp.1_2                             0x080025f8   Number         4  i2c.o(.text.HAL_I2C_MspInit)
    [Anonymous Symbol]                       0x080025fc   Section        0  stm32g0xx_hal.o(.text.HAL_IncTick)
    __arm_cp.5_1                             0x0800260c   Number         4  stm32g0xx_hal.o(.text.HAL_IncTick)
    [Anonymous Symbol]                       0x08002610   Section        0  stm32g0xx_hal.o(.text.HAL_Init)
    __arm_cp.0_0                             0x08002638   Number         4  stm32g0xx_hal.o(.text.HAL_Init)
    [Anonymous Symbol]                       0x0800263c   Section        0  stm32g0xx_hal.o(.text.HAL_InitTick)
    __arm_cp.1_0                             0x0800267c   Number         4  stm32g0xx_hal.o(.text.HAL_InitTick)
    [Anonymous Symbol]                       0x08002680   Section        0  stm32g0xx_hal_msp.o(.text.HAL_MspInit)
    __arm_cp.0_0                             0x080026a8   Number         4  stm32g0xx_hal_msp.o(.text.HAL_MspInit)
    [Anonymous Symbol]                       0x080026ac   Section        0  stm32g0xx_hal_cortex.o(.text.HAL_NVIC_EnableIRQ)
    __arm_cp.1_0                             0x080026c0   Number         4  stm32g0xx_hal_cortex.o(.text.HAL_NVIC_EnableIRQ)
    [Anonymous Symbol]                       0x080026c4   Section        0  stm32g0xx_hal_cortex.o(.text.HAL_NVIC_SetPriority)
    __arm_cp.0_0                             0x080026f4   Number         4  stm32g0xx_hal_cortex.o(.text.HAL_NVIC_SetPriority)
    __arm_cp.0_1                             0x080026f8   Number         4  stm32g0xx_hal_cortex.o(.text.HAL_NVIC_SetPriority)
    [Anonymous Symbol]                       0x080026fc   Section        0  stm32g0xx_hal_pwr_ex.o(.text.HAL_PWREx_ControlVoltageScaling)
    __arm_cp.13_0                            0x08002774   Number         4  stm32g0xx_hal_pwr_ex.o(.text.HAL_PWREx_ControlVoltageScaling)
    __arm_cp.13_1                            0x08002778   Number         4  stm32g0xx_hal_pwr_ex.o(.text.HAL_PWREx_ControlVoltageScaling)
    __arm_cp.13_2                            0x0800277c   Number         4  stm32g0xx_hal_pwr_ex.o(.text.HAL_PWREx_ControlVoltageScaling)
    [Anonymous Symbol]                       0x08002780   Section        0  stm32g0xx_hal_rcc_ex.o(.text.HAL_RCCEx_PeriphCLKConfig)
    __arm_cp.0_0                             0x080028ec   Number         4  stm32g0xx_hal_rcc_ex.o(.text.HAL_RCCEx_PeriphCLKConfig)
    __arm_cp.0_1                             0x080028f0   Number         4  stm32g0xx_hal_rcc_ex.o(.text.HAL_RCCEx_PeriphCLKConfig)
    __arm_cp.0_2                             0x080028f4   Number         4  stm32g0xx_hal_rcc_ex.o(.text.HAL_RCCEx_PeriphCLKConfig)
    __arm_cp.0_4                             0x080028f8   Number         4  stm32g0xx_hal_rcc_ex.o(.text.HAL_RCCEx_PeriphCLKConfig)
    [Anonymous Symbol]                       0x080028fc   Section        0  stm32g0xx_hal_rcc.o(.text.HAL_RCC_ClockConfig)
    __arm_cp.2_0                             0x08002adc   Number         4  stm32g0xx_hal_rcc.o(.text.HAL_RCC_ClockConfig)
    __arm_cp.2_1                             0x08002ae0   Number         4  stm32g0xx_hal_rcc.o(.text.HAL_RCC_ClockConfig)
    __arm_cp.2_5                             0x08002ae4   Number         4  stm32g0xx_hal_rcc.o(.text.HAL_RCC_ClockConfig)
    __arm_cp.2_7                             0x08002ae8   Number         4  stm32g0xx_hal_rcc.o(.text.HAL_RCC_ClockConfig)
    [Anonymous Symbol]                       0x08002aec   Section        0  stm32g0xx_hal_rcc.o(.text.HAL_RCC_GetPCLK1Freq)
    __arm_cp.6_0                             0x08002b08   Number         4  stm32g0xx_hal_rcc.o(.text.HAL_RCC_GetPCLK1Freq)
    __arm_cp.6_2                             0x08002b0c   Number         4  stm32g0xx_hal_rcc.o(.text.HAL_RCC_GetPCLK1Freq)
    [Anonymous Symbol]                       0x08002b10   Section        0  stm32g0xx_hal_rcc.o(.text.HAL_RCC_GetSysClockFreq)
    __arm_cp.3_0                             0x08002b8c   Number         4  stm32g0xx_hal_rcc.o(.text.HAL_RCC_GetSysClockFreq)
    __arm_cp.3_1                             0x08002b90   Number         4  stm32g0xx_hal_rcc.o(.text.HAL_RCC_GetSysClockFreq)
    __arm_cp.3_2                             0x08002b94   Number         4  stm32g0xx_hal_rcc.o(.text.HAL_RCC_GetSysClockFreq)
    [Anonymous Symbol]                       0x08002b98   Section        0  stm32g0xx_hal_rcc.o(.text.HAL_RCC_OscConfig)
    __arm_cp.1_8                             0x08002fa4   Number         4  stm32g0xx_hal_rcc.o(.text.HAL_RCC_OscConfig)
    __arm_cp.1_1                             0x08002fbc   Number         4  stm32g0xx_hal_rcc.o(.text.HAL_RCC_OscConfig)
    __arm_cp.1_2                             0x08002fc0   Number         4  stm32g0xx_hal_rcc.o(.text.HAL_RCC_OscConfig)
    __arm_cp.1_3                             0x08002fc4   Number         4  stm32g0xx_hal_rcc.o(.text.HAL_RCC_OscConfig)
    __arm_cp.1_4                             0x08002fc8   Number         4  stm32g0xx_hal_rcc.o(.text.HAL_RCC_OscConfig)
    __arm_cp.1_5                             0x08002fcc   Number         4  stm32g0xx_hal_rcc.o(.text.HAL_RCC_OscConfig)
    __arm_cp.1_6                             0x08002fd0   Number         4  stm32g0xx_hal_rcc.o(.text.HAL_RCC_OscConfig)
    __arm_cp.1_7                             0x08002fd4   Number         4  stm32g0xx_hal_rcc.o(.text.HAL_RCC_OscConfig)
    [Anonymous Symbol]                       0x08002fd8   Section        0  stm32g0xx_hal_cortex.o(.text.HAL_SYSTICK_Config)
    __arm_cp.4_0                             0x08003000   Number         4  stm32g0xx_hal_cortex.o(.text.HAL_SYSTICK_Config)
    __arm_cp.4_1                             0x08003004   Number         4  stm32g0xx_hal_cortex.o(.text.HAL_SYSTICK_Config)
    __arm_cp.4_2                             0x08003008   Number         4  stm32g0xx_hal_cortex.o(.text.HAL_SYSTICK_Config)
    [Anonymous Symbol]                       0x0800300c   Section        0  stm32g0xx_hal_uart.o(.text.HAL_UART_Init)
    [Anonymous Symbol]                       0x0800307c   Section        0  usart.o(.text.HAL_UART_MspInit)
    __arm_cp.1_0                             0x080030d8   Number         4  usart.o(.text.HAL_UART_MspInit)
    __arm_cp.1_1                             0x080030dc   Number         4  usart.o(.text.HAL_UART_MspInit)
    [Anonymous Symbol]                       0x080030e0   Section        0  stm32g0xx_it.o(.text.HardFault_Handler)
    I2C_IsErrorOccurred                      0x080030e5   Thumb Code   376  stm32g0xx_hal_i2c.o(.text.I2C_IsErrorOccurred)
    [Anonymous Symbol]                       0x080030e4   Section        0  stm32g0xx_hal_i2c.o(.text.I2C_IsErrorOccurred)
    __arm_cp.72_0                            0x0800325c   Number         4  stm32g0xx_hal_i2c.o(.text.I2C_IsErrorOccurred)
    I2C_WaitOnFlagUntilTimeout               0x08003261   Thumb Code   250  stm32g0xx_hal_i2c.o(.text.I2C_WaitOnFlagUntilTimeout)
    [Anonymous Symbol]                       0x08003260   Section        0  stm32g0xx_hal_i2c.o(.text.I2C_WaitOnFlagUntilTimeout)
    I2C_WaitOnSTOPFlagUntilTimeout           0x0800335b   Thumb Code   134  stm32g0xx_hal_i2c.o(.text.I2C_WaitOnSTOPFlagUntilTimeout)
    [Anonymous Symbol]                       0x0800335a   Section        0  stm32g0xx_hal_i2c.o(.text.I2C_WaitOnSTOPFlagUntilTimeout)
    I2C_WaitOnTXISFlagUntilTimeout           0x080033e1   Thumb Code   166  stm32g0xx_hal_i2c.o(.text.I2C_WaitOnTXISFlagUntilTimeout)
    [Anonymous Symbol]                       0x080033e0   Section        0  stm32g0xx_hal_i2c.o(.text.I2C_WaitOnTXISFlagUntilTimeout)
    [Anonymous Symbol]                       0x08003488   Section        0  gpio.o(.text.MX_GPIO_Init)
    __arm_cp.0_0                             0x080035a0   Number         4  gpio.o(.text.MX_GPIO_Init)
    __arm_cp.0_1                             0x080035a4   Number         4  gpio.o(.text.MX_GPIO_Init)
    __arm_cp.0_2                             0x080035a8   Number         4  gpio.o(.text.MX_GPIO_Init)
    __arm_cp.0_3                             0x080035ac   Number         4  gpio.o(.text.MX_GPIO_Init)
    [Anonymous Symbol]                       0x080035b0   Section        0  i2c.o(.text.MX_I2C1_Init)
    __arm_cp.0_0                             0x08003604   Number         4  i2c.o(.text.MX_I2C1_Init)
    __arm_cp.0_1                             0x08003608   Number         4  i2c.o(.text.MX_I2C1_Init)
    __arm_cp.0_2                             0x0800360c   Number         4  i2c.o(.text.MX_I2C1_Init)
    [Anonymous Symbol]                       0x08003610   Section        0  usart.o(.text.MX_USART2_UART_Init)
    __arm_cp.0_0                             0x08003644   Number         4  usart.o(.text.MX_USART2_UART_Init)
    [Anonymous Symbol]                       0x08003648   Section        0  stm32g0xx_it.o(.text.NMI_Handler)
    [Anonymous Symbol]                       0x0800364a   Section        0  stm32g0xx_it.o(.text.PendSV_Handler)
    [Anonymous Symbol]                       0x0800364c   Section        0  flash.o(.text.STMFLASH_ReadByte)
    [Anonymous Symbol]                       0x08003650   Section        0  flash.o(.text.STMFLASH_Write_64)
    __arm_cp.4_0                             0x08003718   Number         4  flash.o(.text.STMFLASH_Write_64)
    [Anonymous Symbol]                       0x0800371c   Section        0  stm32g0xx_it.o(.text.SVC_Handler)
    [Anonymous Symbol]                       0x0800371e   Section        0  stm32g0xx_it.o(.text.SysTick_Handler)
    [Anonymous Symbol]                       0x08003726   Section        0  system_stm32g0xx.o(.text.SystemInit)
    [Anonymous Symbol]                       0x08003728   Section        0  stm32g0xx_hal_uart.o(.text.UART_AdvFeatureConfig)
    [Anonymous Symbol]                       0x080037fc   Section        0  stm32g0xx_hal_uart.o(.text.UART_CheckIdleState)
    __arm_cp.4_0                             0x080038c8   Number         4  stm32g0xx_hal_uart.o(.text.UART_CheckIdleState)
    [Anonymous Symbol]                       0x080038cc   Section        0  stm32g0xx_hal_uart.o(.text.UART_SetConfig)
    __arm_cp.3_0                             0x08003a00   Number         4  stm32g0xx_hal_uart.o(.text.UART_SetConfig)
    __arm_cp.3_1                             0x08003a04   Number         4  stm32g0xx_hal_uart.o(.text.UART_SetConfig)
    __arm_cp.3_2                             0x08003a08   Number         4  stm32g0xx_hal_uart.o(.text.UART_SetConfig)
    __arm_cp.3_3                             0x08003a0c   Number         4  stm32g0xx_hal_uart.o(.text.UART_SetConfig)
    __arm_cp.3_4                             0x08003a10   Number         4  stm32g0xx_hal_uart.o(.text.UART_SetConfig)
    __arm_cp.3_6                             0x08003a24   Number         4  stm32g0xx_hal_uart.o(.text.UART_SetConfig)
    __arm_cp.3_7                             0x08003a28   Number         4  stm32g0xx_hal_uart.o(.text.UART_SetConfig)
    __arm_cp.3_8                             0x08003a2c   Number         4  stm32g0xx_hal_uart.o(.text.UART_SetConfig)
    __arm_cp.3_9                             0x08003a30   Number         4  stm32g0xx_hal_uart.o(.text.UART_SetConfig)
    [Anonymous Symbol]                       0x08003a34   Section        0  stm32g0xx_hal_uart.o(.text.UART_WaitOnFlagUntilTimeout)
    __arm_cp.11_0                            0x08003bf4   Number         4  stm32g0xx_hal_uart.o(.text.UART_WaitOnFlagUntilTimeout)
    [Anonymous Symbol]                       0x08003bf8   Section        0  usart.o(.text.USART2_printf)
    __arm_cp.3_0                             0x08003d30   Number         4  usart.o(.text.USART2_printf)
    __arm_cp.3_1                             0x08003d34   Number         4  usart.o(.text.USART2_printf)
    [Anonymous Symbol]                       0x08003d38   Section        0  main.o(.text.clk_int_callback)
    __arm_cp.7_0                             0x08004044   Number         4  main.o(.text.clk_int_callback)
    __arm_cp.7_1                             0x08004048   Number         4  main.o(.text.clk_int_callback)
    __arm_cp.7_2                             0x0800404c   Number         4  main.o(.text.clk_int_callback)
    __arm_cp.7_4                             0x08004050   Number         4  main.o(.text.clk_int_callback)
    [Anonymous Symbol]                       0x08004054   Section        0  main.o(.text.command_process)
    __arm_cp.14_0                            0x08004290   Number         4  main.o(.text.command_process)
    __arm_cp.14_1                            0x08004294   Number         4  main.o(.text.command_process)
    __arm_cp.14_2                            0x08004298   Number         4  main.o(.text.command_process)
    __arm_cp.14_3                            0x0800429c   Number         4  main.o(.text.command_process)
    __arm_cp.14_5                            0x080042b4   Number         4  main.o(.text.command_process)
    __arm_cp.14_6                            0x080042b8   Number         4  main.o(.text.command_process)
    __arm_cp.14_7                            0x080042bc   Number         4  main.o(.text.command_process)
    __arm_cp.14_8                            0x080042c0   Number         4  main.o(.text.command_process)
    __arm_cp.14_9                            0x080042c4   Number         4  main.o(.text.command_process)
    __arm_cp.14_10                           0x080042c8   Number         4  main.o(.text.command_process)
    __arm_cp.14_11                           0x080042cc   Number         4  main.o(.text.command_process)
    __arm_cp.14_13                           0x080042e8   Number         4  main.o(.text.command_process)
    __arm_cp.14_16                           0x080042fc   Number         4  main.o(.text.command_process)
    __arm_cp.14_17                           0x08004300   Number         4  main.o(.text.command_process)
    [Anonymous Symbol]                       0x08004304   Section        0  main.o(.text.main)
    __arm_cp.15_20                           0x0800463c   Number         4  main.o(.text.main)
    __arm_cp.15_22                           0x08004644   Number         4  main.o(.text.main)
    __arm_cp.15_24                           0x08004650   Number         4  main.o(.text.main)
    __arm_cp.15_26                           0x08004658   Number         4  main.o(.text.main)
    __arm_cp.15_32                           0x0800467c   Number         4  main.o(.text.main)
    __arm_cp.15_2                            0x08004a78   Number         4  main.o(.text.main)
    __arm_cp.15_6                            0x08004a7c   Number         4  main.o(.text.main)
    __arm_cp.15_8                            0x08004a80   Number         4  main.o(.text.main)
    __arm_cp.15_9                            0x08004a84   Number         4  main.o(.text.main)
    __arm_cp.15_10                           0x08004a88   Number         4  main.o(.text.main)
    __arm_cp.15_11                           0x08004a8c   Number         4  main.o(.text.main)
    __arm_cp.15_12                           0x08004a90   Number         4  main.o(.text.main)
    __arm_cp.15_16                           0x08004aa0   Number         4  main.o(.text.main)
    [Anonymous Symbol]                       0x08004ab8   Section        0  main.o(.text.sda_int_callback)
    __arm_cp.8_0                             0x08004b70   Number         4  main.o(.text.sda_int_callback)
    __arm_cp.8_1                             0x08004b74   Number         4  main.o(.text.sda_int_callback)
    [Anonymous Symbol]                       0x08004b78   Section        0  flash.o(.text.stm32_FLASH_ErasePage)
    __arm_cp.1_0                             0x08004bc8   Number         4  flash.o(.text.stm32_FLASH_ErasePage)
    __arm_cp.1_1                             0x08004bcc   Number         4  flash.o(.text.stm32_FLASH_ErasePage)
    .text_divfast                            0x08004bd0   Section      502  aeabi_sdivfast.o(.text_divfast)
    i.__ARM_common_ll_muluu                  0x08004dc6   Section        0  btod.o(i.__ARM_common_ll_muluu)
    i.__ARM_fpclassify                       0x08004df8   Section        0  fpclassify.o(i.__ARM_fpclassify)
    i._is_digit                              0x08004e24   Section        0  __printf_wp.o(i._is_digit)
    locale$$code                             0x08004e34   Section       44  lc_numeric_c.o(locale$$code)
    locale$$code                             0x08004e60   Section       44  lc_ctype_c.o(locale$$code)
    x$fpl$printf1                            0x08004e8c   Section       16  printf1.o(x$fpl$printf1)
    x$fpl$printf2                            0x08004e9c   Section       16  printf2.o(x$fpl$printf2)
    initial_mbstate                          0x08004eac   Data           8  _printf_wctomb.o(.constdata)
    .constdata                               0x08004eac   Section        8  _printf_wctomb.o(.constdata)
    x$fpl$usenofp                            0x08004eac   Section        0  usenofp.o(x$fpl$usenofp)
    uc_hextab                                0x08004eb4   Data          20  _printf_hex_int_ll_ptr.o(.constdata)
    .constdata                               0x08004eb4   Section       40  _printf_hex_int_ll_ptr.o(.constdata)
    lc_hextab                                0x08004ec8   Data          20  _printf_hex_int_ll_ptr.o(.constdata)
    maptable                                 0x08004edc   Data          17  __printf_flags_ss_wp.o(.constdata)
    .constdata                               0x08004edc   Section       17  __printf_flags_ss_wp.o(.constdata)
    lc_hextab                                0x08004eed   Data          19  _printf_fp_hex.o(.constdata)
    .constdata                               0x08004eed   Section       38  _printf_fp_hex.o(.constdata)
    uc_hextab                                0x08004f00   Data          19  _printf_fp_hex.o(.constdata)
    tenpwrs_x                                0x08004f14   Data          60  bigflt0.o(.constdata)
    .constdata                               0x08004f14   Section      148  bigflt0.o(.constdata)
    tenpwrs_i                                0x08004f50   Data          64  bigflt0.o(.constdata)
    [Anonymous Symbol]                       0x08005034   Section        0  main.o(.rodata.str1.1)
    locale$$data                             0x08005070   Section       28  lc_numeric_c.o(locale$$data)
    __lcnum_c_name                           0x08005074   Data           2  lc_numeric_c.o(locale$$data)
    __lcnum_c_start                          0x0800507c   Data           0  lc_numeric_c.o(locale$$data)
    __lcnum_c_point                          0x08005088   Data           0  lc_numeric_c.o(locale$$data)
    __lcnum_c_thousands                      0x0800508a   Data           0  lc_numeric_c.o(locale$$data)
    __lcnum_c_grouping                       0x0800508b   Data           0  lc_numeric_c.o(locale$$data)
    __lcnum_c_end                            0x0800508c   Data           0  lc_numeric_c.o(locale$$data)
    locale$$data                             0x0800508c   Section      272  lc_ctype_c.o(locale$$data)
    __lcctype_c_name                         0x08005090   Data           2  lc_ctype_c.o(locale$$data)
    __lcctype_c_start                        0x08005098   Data           0  lc_ctype_c.o(locale$$data)
    __lcctype_c_end                          0x0800519c   Data           0  lc_ctype_c.o(locale$$data)
    [Anonymous Symbol]                       0x20000000   Section        0  main.o(.data..L_MergedGlobals)
    [Anonymous Symbol]                       0x20000010   Section        0  stm32g0xx_hal.o(.data..L_MergedGlobals)
    .bss                                     0x20000020   Section       96  libspace.o(.bss)
    [Anonymous Symbol]                       0x20000080   Section        0  main.o(.bss..L_MergedGlobals.11)
    Heap_Mem                                 0x20000368   Data         512  startup_stm32g030xx.o(HEAP)
    HEAP                                     0x20000368   Section      512  startup_stm32g030xx.o(HEAP)
    Stack_Mem                                0x20000568   Data        1024  startup_stm32g030xx.o(STACK)
    STACK                                    0x20000568   Section     1024  startup_stm32g030xx.o(STACK)
    __initial_sp                             0x20000968   Data           0  startup_stm32g030xx.o(STACK)

    Global Symbols

    Symbol Name                              Value     Ov Type        Size  Object(Section)

    BuildAttributes$$THM_ISAv3M$S$PE$A:L22$X:L11$S22$IEEE1$IW$~IW$USESV6$~STKCKD$USESV7$~SHL$OTIME$ROPI$IEEEJ$EBA8$UX$STANDARDLIB$REQ8$PRES8$EABIv2 0x00000000   Number         0  anon$$obj.o ABSOLUTE
    _printf_flags                            0x00000000   Number         0  printf_stubs.o ABSOLUTE
    _printf_return_value                     0x00000000   Number         0  printf_stubs.o ABSOLUTE
    _printf_sizespec                         0x00000000   Number         0  printf_stubs.o ABSOLUTE
    _printf_widthprec                        0x00000000   Number         0  printf_stubs.o ABSOLUTE
    __ARM_exceptions_init                     - Undefined Weak Reference
    __alloca_initialize                       - Undefined Weak Reference
    __arm_preinit_                            - Undefined Weak Reference
    __arm_relocate_pie_                       - Undefined Weak Reference
    __cpp_initialize__aeabi_                  - Undefined Weak Reference
    __cxa_finalize                            - Undefined Weak Reference
    __sigvec_lookup                           - Undefined Weak Reference
    _atexit_init                              - Undefined Weak Reference
    _call_atexit_fns                          - Undefined Weak Reference
    _clock_init                               - Undefined Weak Reference
    _fp_trap_init                             - Undefined Weak Reference
    _fp_trap_shutdown                         - Undefined Weak Reference
    _get_lc_collate                           - Undefined Weak Reference
    _get_lc_monetary                          - Undefined Weak Reference
    _get_lc_time                              - Undefined Weak Reference
    _getenv_init                              - Undefined Weak Reference
    _handle_redirection                       - Undefined Weak Reference
    _init_alloc                               - Undefined Weak Reference
    _init_user_alloc                          - Undefined Weak Reference
    _initio                                   - Undefined Weak Reference
    _printf_mbtowc                            - Undefined Weak Reference
    _printf_wc                                - Undefined Weak Reference
    _rand_init                                - Undefined Weak Reference
    _signal_finish                            - Undefined Weak Reference
    _signal_init                              - Undefined Weak Reference
    _terminate_alloc                          - Undefined Weak Reference
    _terminate_user_alloc                     - Undefined Weak Reference
    _terminateio                              - Undefined Weak Reference
    __Vectors_Size                           0x000000c0   Number         0  startup_stm32g030xx.o ABSOLUTE
    __Vectors                                0x08000000   Data           4  startup_stm32g030xx.o(RESET)
    __Vectors_End                            0x080000c0   Data           0  startup_stm32g030xx.o(RESET)
    __main                                   0x080000c1   Thumb Code     8  __main.o(!!!main)
    __scatterload                            0x080000c9   Thumb Code     0  __scatter.o(!!!scatter)
    __scatterload_rt2                        0x080000c9   Thumb Code    74  __scatter.o(!!!scatter)
    __scatterload_rt2_thumb_only             0x080000c9   Thumb Code     0  __scatter.o(!!!scatter)
    __scatterload_loop                       0x080000d3   Thumb Code     0  __scatter.o(!!!scatter)
    __scatterload_copy                       0x0800011d   Thumb Code    26  __scatter_copy.o(!!handler_copy)
    __scatterload_null                       0x08000139   Thumb Code     2  __scatter.o(!!handler_null)
    __scatterload_zeroinit                   0x0800013d   Thumb Code    28  __scatter_zi.o(!!handler_zi)
    _printf_percent                          0x08000159   Thumb Code     0  _printf_percent.o(.ARM.Collect$$_printf_percent$$00000000)
    _printf_n                                0x0800015b   Thumb Code     0  _printf_n.o(.ARM.Collect$$_printf_percent$$00000001)
    _printf_p                                0x08000165   Thumb Code     0  _printf_p.o(.ARM.Collect$$_printf_percent$$00000002)
    _printf_f                                0x0800016f   Thumb Code     0  _printf_f.o(.ARM.Collect$$_printf_percent$$00000003)
    _printf_e                                0x08000179   Thumb Code     0  _printf_e.o(.ARM.Collect$$_printf_percent$$00000004)
    _printf_g                                0x08000183   Thumb Code     0  _printf_g.o(.ARM.Collect$$_printf_percent$$00000005)
    _printf_a                                0x0800018d   Thumb Code     0  _printf_a.o(.ARM.Collect$$_printf_percent$$00000006)
    _printf_ll                               0x08000197   Thumb Code     0  _printf_ll.o(.ARM.Collect$$_printf_percent$$00000007)
    _printf_i                                0x080001a1   Thumb Code     0  _printf_i.o(.ARM.Collect$$_printf_percent$$00000008)
    _printf_d                                0x080001ab   Thumb Code     0  _printf_d.o(.ARM.Collect$$_printf_percent$$00000009)
    _printf_u                                0x080001b5   Thumb Code     0  _printf_u.o(.ARM.Collect$$_printf_percent$$0000000A)
    _printf_o                                0x080001bf   Thumb Code     0  _printf_o.o(.ARM.Collect$$_printf_percent$$0000000B)
    _printf_x                                0x080001c9   Thumb Code     0  _printf_x.o(.ARM.Collect$$_printf_percent$$0000000C)
    _printf_lli                              0x080001d3   Thumb Code     0  _printf_lli.o(.ARM.Collect$$_printf_percent$$0000000D)
    _printf_lld                              0x080001dd   Thumb Code     0  _printf_lld.o(.ARM.Collect$$_printf_percent$$0000000E)
    _printf_llu                              0x080001e7   Thumb Code     0  _printf_llu.o(.ARM.Collect$$_printf_percent$$0000000F)
    _printf_llo                              0x080001f1   Thumb Code     0  _printf_llo.o(.ARM.Collect$$_printf_percent$$00000010)
    _printf_llx                              0x080001fb   Thumb Code     0  _printf_llx.o(.ARM.Collect$$_printf_percent$$00000011)
    _printf_l                                0x08000205   Thumb Code     0  _printf_l.o(.ARM.Collect$$_printf_percent$$00000012)
    _printf_c                                0x0800020f   Thumb Code     0  _printf_c.o(.ARM.Collect$$_printf_percent$$00000013)
    _printf_s                                0x08000219   Thumb Code     0  _printf_s.o(.ARM.Collect$$_printf_percent$$00000014)
    _printf_lc                               0x08000223   Thumb Code     0  _printf_lc.o(.ARM.Collect$$_printf_percent$$00000015)
    _printf_ls                               0x0800022d   Thumb Code     0  _printf_ls.o(.ARM.Collect$$_printf_percent$$00000016)
    _printf_percent_end                      0x08000237   Thumb Code     0  _printf_percent_end.o(.ARM.Collect$$_printf_percent$$00000017)
    __rt_lib_init                            0x0800023b   Thumb Code     0  libinit.o(.ARM.Collect$$libinit$$00000000)
    __rt_lib_init_fp_1                       0x0800023d   Thumb Code     0  libinit2.o(.ARM.Collect$$libinit$$00000002)
    __rt_lib_init_heap_1                     0x0800023d   Thumb Code     0  libinit2.o(.ARM.Collect$$libinit$$0000000C)
    __rt_lib_init_lc_common                  0x0800023d   Thumb Code     0  libinit2.o(.ARM.Collect$$libinit$$00000011)
    __rt_lib_init_preinit_1                  0x0800023d   Thumb Code     0  libinit2.o(.ARM.Collect$$libinit$$00000006)
    __rt_lib_init_rand_1                     0x0800023d   Thumb Code     0  libinit2.o(.ARM.Collect$$libinit$$00000010)
    __rt_lib_init_relocate_pie_1             0x0800023d   Thumb Code     0  libinit2.o(.ARM.Collect$$libinit$$00000004)
    __rt_lib_init_user_alloc_1               0x0800023d   Thumb Code     0  libinit2.o(.ARM.Collect$$libinit$$0000000E)
    __rt_lib_init_lc_collate_1               0x08000243   Thumb Code     0  libinit2.o(.ARM.Collect$$libinit$$00000013)
    __rt_lib_init_lc_ctype_2                 0x08000243   Thumb Code     0  libinit2.o(.ARM.Collect$$libinit$$00000014)
    __rt_lib_init_lc_ctype_1                 0x0800024f   Thumb Code     0  libinit2.o(.ARM.Collect$$libinit$$00000015)
    __rt_lib_init_lc_monetary_1              0x0800024f   Thumb Code     0  libinit2.o(.ARM.Collect$$libinit$$00000017)
    __rt_lib_init_lc_numeric_2               0x0800024f   Thumb Code     0  libinit2.o(.ARM.Collect$$libinit$$00000018)
    __rt_lib_init_alloca_1                   0x08000259   Thumb Code     0  libinit2.o(.ARM.Collect$$libinit$$00000030)
    __rt_lib_init_argv_1                     0x08000259   Thumb Code     0  libinit2.o(.ARM.Collect$$libinit$$0000002E)
    __rt_lib_init_atexit_1                   0x08000259   Thumb Code     0  libinit2.o(.ARM.Collect$$libinit$$0000001D)
    __rt_lib_init_clock_1                    0x08000259   Thumb Code     0  libinit2.o(.ARM.Collect$$libinit$$00000023)
    __rt_lib_init_cpp_1                      0x08000259   Thumb Code     0  libinit2.o(.ARM.Collect$$libinit$$00000034)
    __rt_lib_init_exceptions_1               0x08000259   Thumb Code     0  libinit2.o(.ARM.Collect$$libinit$$00000032)
    __rt_lib_init_fp_trap_1                  0x08000259   Thumb Code     0  libinit2.o(.ARM.Collect$$libinit$$00000021)
    __rt_lib_init_getenv_1                   0x08000259   Thumb Code     0  libinit2.o(.ARM.Collect$$libinit$$00000025)
    __rt_lib_init_lc_numeric_1               0x08000259   Thumb Code     0  libinit2.o(.ARM.Collect$$libinit$$00000019)
    __rt_lib_init_lc_time_1                  0x08000259   Thumb Code     0  libinit2.o(.ARM.Collect$$libinit$$0000001B)
    __rt_lib_init_return                     0x08000259   Thumb Code     0  libinit2.o(.ARM.Collect$$libinit$$00000035)
    __rt_lib_init_signal_1                   0x08000259   Thumb Code     0  libinit2.o(.ARM.Collect$$libinit$$0000001F)
    __rt_lib_init_stdio_1                    0x08000259   Thumb Code     0  libinit2.o(.ARM.Collect$$libinit$$00000027)
    __rt_lib_shutdown                        0x0800025b   Thumb Code     0  libshutdown.o(.ARM.Collect$$libshutdown$$00000000)
    __rt_lib_shutdown_cpp_1                  0x0800025d   Thumb Code     0  libshutdown2.o(.ARM.Collect$$libshutdown$$00000002)
    __rt_lib_shutdown_fp_trap_1              0x0800025d   Thumb Code     0  libshutdown2.o(.ARM.Collect$$libshutdown$$00000007)
    __rt_lib_shutdown_heap_1                 0x0800025d   Thumb Code     0  libshutdown2.o(.ARM.Collect$$libshutdown$$0000000F)
    __rt_lib_shutdown_return                 0x0800025d   Thumb Code     0  libshutdown2.o(.ARM.Collect$$libshutdown$$00000010)
    __rt_lib_shutdown_signal_1               0x0800025d   Thumb Code     0  libshutdown2.o(.ARM.Collect$$libshutdown$$0000000A)
    __rt_lib_shutdown_stdio_1                0x0800025d   Thumb Code     0  libshutdown2.o(.ARM.Collect$$libshutdown$$00000004)
    __rt_lib_shutdown_user_alloc_1           0x0800025d   Thumb Code     0  libshutdown2.o(.ARM.Collect$$libshutdown$$0000000C)
    __rt_entry                               0x0800025f   Thumb Code     0  __rtentry.o(.ARM.Collect$$rtentry$$00000000)
    __rt_entry_presh_1                       0x0800025f   Thumb Code     0  __rtentry2.o(.ARM.Collect$$rtentry$$00000002)
    __rt_entry_sh                            0x0800025f   Thumb Code     0  __rtentry4.o(.ARM.Collect$$rtentry$$00000004)
    __rt_entry_li                            0x08000265   Thumb Code     0  __rtentry2.o(.ARM.Collect$$rtentry$$0000000A)
    __rt_entry_postsh_1                      0x08000265   Thumb Code     0  __rtentry2.o(.ARM.Collect$$rtentry$$00000009)
    __rt_entry_main                          0x08000269   Thumb Code     0  __rtentry2.o(.ARM.Collect$$rtentry$$0000000D)
    __rt_entry_postli_1                      0x08000269   Thumb Code     0  __rtentry2.o(.ARM.Collect$$rtentry$$0000000C)
    __rt_exit                                0x08000271   Thumb Code     0  rtexit.o(.ARM.Collect$$rtexit$$00000000)
    __rt_exit_ls                             0x08000273   Thumb Code     0  rtexit2.o(.ARM.Collect$$rtexit$$00000003)
    __rt_exit_prels_1                        0x08000273   Thumb Code     0  rtexit2.o(.ARM.Collect$$rtexit$$00000002)
    __rt_exit_exit                           0x08000277   Thumb Code     0  rtexit2.o(.ARM.Collect$$rtexit$$00000004)
    Reset_Handler                            0x0800027d   Thumb Code     8  startup_stm32g030xx.o(.text)
    ADC1_IRQHandler                          0x0800028f   Thumb Code     0  startup_stm32g030xx.o(.text)
    DMA1_Ch4_5_DMAMUX1_OVR_IRQHandler        0x0800028f   Thumb Code     0  startup_stm32g030xx.o(.text)
    DMA1_Channel1_IRQHandler                 0x0800028f   Thumb Code     0  startup_stm32g030xx.o(.text)
    DMA1_Channel2_3_IRQHandler               0x0800028f   Thumb Code     0  startup_stm32g030xx.o(.text)
    EXTI0_1_IRQHandler                       0x0800028f   Thumb Code     0  startup_stm32g030xx.o(.text)
    EXTI2_3_IRQHandler                       0x0800028f   Thumb Code     0  startup_stm32g030xx.o(.text)
    FLASH_IRQHandler                         0x0800028f   Thumb Code     0  startup_stm32g030xx.o(.text)
    I2C1_IRQHandler                          0x0800028f   Thumb Code     0  startup_stm32g030xx.o(.text)
    I2C2_IRQHandler                          0x0800028f   Thumb Code     0  startup_stm32g030xx.o(.text)
    RCC_IRQHandler                           0x0800028f   Thumb Code     0  startup_stm32g030xx.o(.text)
    RTC_TAMP_IRQHandler                      0x0800028f   Thumb Code     0  startup_stm32g030xx.o(.text)
    SPI1_IRQHandler                          0x0800028f   Thumb Code     0  startup_stm32g030xx.o(.text)
    SPI2_IRQHandler                          0x0800028f   Thumb Code     0  startup_stm32g030xx.o(.text)
    TIM14_IRQHandler                         0x0800028f   Thumb Code     0  startup_stm32g030xx.o(.text)
    TIM16_IRQHandler                         0x0800028f   Thumb Code     0  startup_stm32g030xx.o(.text)
    TIM17_IRQHandler                         0x0800028f   Thumb Code     0  startup_stm32g030xx.o(.text)
    TIM1_BRK_UP_TRG_COM_IRQHandler           0x0800028f   Thumb Code     0  startup_stm32g030xx.o(.text)
    TIM1_CC_IRQHandler                       0x0800028f   Thumb Code     0  startup_stm32g030xx.o(.text)
    TIM3_IRQHandler                          0x0800028f   Thumb Code     0  startup_stm32g030xx.o(.text)
    USART1_IRQHandler                        0x0800028f   Thumb Code     0  startup_stm32g030xx.o(.text)
    USART2_IRQHandler                        0x0800028f   Thumb Code     0  startup_stm32g030xx.o(.text)
    WWDG_IRQHandler                          0x0800028f   Thumb Code     0  startup_stm32g030xx.o(.text)
    __user_initial_stackheap                 0x08000291   Thumb Code     0  startup_stm32g030xx.o(.text)
    vsprintf                                 0x080002b5   Thumb Code    32  vsprintf.o(.text)
    strlen                                   0x080002d9   Thumb Code    62  strlen.o(.text)
    __aeabi_memset4                          0x0800031d   Thumb Code    18  aeabi_memset4.o(.text)
    __aeabi_memset8                          0x0800031d   Thumb Code     0  aeabi_memset4.o(.text)
    __aeabi_uidivmod                         0x08000331   Thumb Code    28  aeabi_sdivfast.o(.text)
    __aeabi_idivmod                          0x0800034d   Thumb Code   472  aeabi_sdivfast.o(.text)
    __use_two_region_memory                  0x08000529   Thumb Code     2  heapauxi.o(.text)
    __rt_heap_escrow$2region                 0x0800052b   Thumb Code     2  heapauxi.o(.text)
    __rt_heap_expand$2region                 0x0800052d   Thumb Code     2  heapauxi.o(.text)
    _printf_pre_padding                      0x0800052f   Thumb Code    44  _printf_pad.o(.text)
    _printf_post_padding                     0x0800055b   Thumb Code    34  _printf_pad.o(.text)
    _printf_truncate_signed                  0x0800057d   Thumb Code    18  _printf_truncate.o(.text)
    _printf_truncate_unsigned                0x0800058f   Thumb Code    18  _printf_truncate.o(.text)
    _printf_str                              0x080005a1   Thumb Code    82  _printf_str.o(.text)
    _printf_int_dec                          0x080005f5   Thumb Code    90  _printf_dec.o(.text)
    _printf_charcount                        0x08000661   Thumb Code    38  _printf_charcount.o(.text)
    _printf_char_common                      0x08000693   Thumb Code    32  _printf_char_common.o(.text)
    _sputc                                   0x080006b9   Thumb Code    10  _sputc.o(.text)
    _printf_wctomb                           0x080006c5   Thumb Code   182  _printf_wctomb.o(.text)
    _printf_longlong_dec                     0x08000781   Thumb Code    94  _printf_longlong_dec.o(.text)
    _printf_longlong_oct                     0x080007f1   Thumb Code    68  _printf_oct_int_ll.o(.text)
    _printf_int_oct                          0x08000835   Thumb Code    24  _printf_oct_int_ll.o(.text)
    _printf_ll_oct                           0x0800084d   Thumb Code    10  _printf_oct_int_ll.o(.text)
    _printf_longlong_hex                     0x08000861   Thumb Code    88  _printf_hex_int_ll_ptr.o(.text)
    _printf_int_hex                          0x080008b9   Thumb Code    28  _printf_hex_int_ll_ptr.o(.text)
    _printf_ll_hex                           0x080008d5   Thumb Code    10  _printf_hex_int_ll_ptr.o(.text)
    _printf_hex_ptr                          0x080008df   Thumb Code    22  _printf_hex_int_ll_ptr.o(.text)
    __printf                                 0x080008f9   Thumb Code   386  __printf_flags_ss_wp.o(.text)
    _memset_w                                0x08000a81   Thumb Code    26  rt_memclr.o(.text)
    _memset                                  0x08000a9b   Thumb Code    30  rt_memclr.o(.text)
    __aeabi_memclr                           0x08000ab9   Thumb Code     4  rt_memclr.o(.text)
    __rt_memclr                              0x08000ab9   Thumb Code     0  rt_memclr.o(.text)
    __aeabi_memclr4                          0x08000abd   Thumb Code     0  rt_memclr.o(.text)
    __aeabi_memclr8                          0x08000abd   Thumb Code     0  rt_memclr.o(.text)
    __rt_memclr_w                            0x08000abd   Thumb Code     4  rt_memclr.o(.text)
    _ll_udiv10                               0x08000ac1   Thumb Code   122  lludiv10.o(.text)
    _printf_int_common                       0x08000b3b   Thumb Code   176  _printf_intcommon.o(.text)
    _printf_fp_dec_real                      0x08000d89   Thumb Code   620  _printf_fp_dec.o(.text)
    _printf_fp_hex_real                      0x08001001   Thumb Code   718  _printf_fp_hex.o(.text)
    _printf_cs_common                        0x080012d9   Thumb Code    22  _printf_char.o(.text)
    _printf_char                             0x080012ef   Thumb Code    16  _printf_char.o(.text)
    _printf_string                           0x080012ff   Thumb Code     8  _printf_char.o(.text)
    _printf_lcs_common                       0x08001307   Thumb Code    22  _printf_wchar.o(.text)
    _printf_wchar                            0x0800131d   Thumb Code    16  _printf_wchar.o(.text)
    _printf_wstring                          0x0800132d   Thumb Code     8  _printf_wchar.o(.text)
    _c16rtomb                                0x08001335   Thumb Code    66  _c16rtomb.o(.text)
    _wcrtomb                                 0x08001335   Thumb Code     0  _c16rtomb.o(.text)
    __rt_udiv10                              0x08001377   Thumb Code    40  rtudiv10.o(.text)
    __user_setup_stackheap                   0x0800139f   Thumb Code    62  sys_stackheap_outer.o(.text)
    __rt_ctype_table                         0x080013dd   Thumb Code    16  rt_ctype_table.o(.text)
    __rt_locale                              0x080013ed   Thumb Code     8  rt_locale_intlibspace.o(.text)
    _printf_fp_infnan                        0x080013f5   Thumb Code   120  _printf_fp_infnan.o(.text)
    _btod_etento                             0x0800147d   Thumb Code   210  bigflt0.o(.text)
    _btod_d2e                                0x08001555   Thumb Code    64  btod.o(.text)
    _btod_emul                               0x08001989   Thumb Code    28  btod.o(.text)
    _btod_emuld                              0x080019a5   Thumb Code   144  btod.o(.text)
    _btod_ediv                               0x08001a35   Thumb Code    26  btod.o(.text)
    _btod_edivd                              0x08001a4f   Thumb Code   124  btod.o(.text)
    exit                                     0x08001ad5   Thumb Code    16  exit.o(.text)
    __user_libspace                          0x08001ae5   Thumb Code     8  libspace.o(.text)
    __user_perproc_libspace                  0x08001ae5   Thumb Code     0  libspace.o(.text)
    __user_perthread_libspace                0x08001ae5   Thumb Code     0  libspace.o(.text)
    strcmp                                   0x08001aed   Thumb Code   176  strcmpv6m.o(.text)
    _sys_exit                                0x08001b9d   Thumb Code     8  sys_exit.o(.text)
    __I$use$semihosting                      0x08001ba9   Thumb Code     0  use_no_semi.o(.text)
    __use_no_semihosting_swi                 0x08001ba9   Thumb Code     2  use_no_semi.o(.text)
    Add_OddEven                              0x08001bab   Thumb Code    60  main.o(.text.Add_OddEven)
    __semihosting_library_function           0x08001bab   Thumb Code     0  indicate_semi.o(.text)
    EXTI4_15_IRQHandler                      0x08001be7   Thumb Code    18  stm32g0xx_it.o(.text.EXTI4_15_IRQHandler)
    Error_Handler                            0x08001bf9   Thumb Code     2  main.o(.text.Error_Handler)
    FLASH_WaitForLastOperation               0x08001bfd   Thumb Code   168  stm32g0xx_hal_flash.o(.text.FLASH_WaitForLastOperation)
    HAL_Delay                                0x08001ca5   Thumb Code    32  stm32g0xx_hal.o(.text.HAL_Delay)
    HAL_FLASHEx_Erase                        0x08001cc9   Thumb Code   184  stm32g0xx_hal_flash_ex.o(.text.HAL_FLASHEx_Erase)
    HAL_FLASH_Lock                           0x08001d8d   Thumb Code   116  stm32g0xx_hal_flash.o(.text.HAL_FLASH_Lock)
    HAL_FLASH_Program                        0x08001e01   Thumb Code   428  stm32g0xx_hal_flash.o(.text.HAL_FLASH_Program)
    HAL_FLASH_Unlock                         0x08001fb9   Thumb Code    28  stm32g0xx_hal_flash.o(.text.HAL_FLASH_Unlock)
    HAL_GPIO_EXTI_Falling_Callback           0x08001fe1   Thumb Code    52  main.o(.text.HAL_GPIO_EXTI_Falling_Callback)
    HAL_GPIO_EXTI_IRQHandler                 0x08002015   Thumb Code    36  stm32g0xx_hal_gpio.o(.text.HAL_GPIO_EXTI_IRQHandler)
    HAL_GPIO_EXTI_Rising_Callback            0x0800203d   Thumb Code    52  main.o(.text.HAL_GPIO_EXTI_Rising_Callback)
    HAL_GPIO_Init                            0x08002075   Thumb Code   412  stm32g0xx_hal_gpio.o(.text.HAL_GPIO_Init)
    HAL_GPIO_ReadPin                         0x08002225   Thumb Code    10  stm32g0xx_hal_gpio.o(.text.HAL_GPIO_ReadPin)
    HAL_GPIO_WritePin                        0x0800222f   Thumb Code    16  stm32g0xx_hal_gpio.o(.text.HAL_GPIO_WritePin)
    HAL_GetTick                              0x08002241   Thumb Code     8  stm32g0xx_hal.o(.text.HAL_GetTick)
    HAL_I2CEx_ConfigAnalogFilter             0x08002249   Thumb Code    66  stm32g0xx_hal_i2c_ex.o(.text.HAL_I2CEx_ConfigAnalogFilter)
    HAL_I2CEx_ConfigDigitalFilter            0x0800228b   Thumb Code    66  stm32g0xx_hal_i2c_ex.o(.text.HAL_I2CEx_ConfigDigitalFilter)
    HAL_I2CEx_EnableFastModePlus             0x080022cd   Thumb Code    32  stm32g0xx_hal_i2c_ex.o(.text.HAL_I2CEx_EnableFastModePlus)
    HAL_I2C_GetError                         0x080022f5   Thumb Code     4  stm32g0xx_hal_i2c.o(.text.HAL_I2C_GetError)
    HAL_I2C_Init                             0x080022f9   Thumb Code   172  stm32g0xx_hal_i2c.o(.text.HAL_I2C_Init)
    HAL_I2C_Master_Transmit                  0x080023ad   Thumb Code   436  stm32g0xx_hal_i2c.o(.text.HAL_I2C_Master_Transmit)
    HAL_I2C_MspInit                          0x08002575   Thumb Code   124  i2c.o(.text.HAL_I2C_MspInit)
    HAL_IncTick                              0x080025fd   Thumb Code    16  stm32g0xx_hal.o(.text.HAL_IncTick)
    HAL_Init                                 0x08002611   Thumb Code    40  stm32g0xx_hal.o(.text.HAL_Init)
    HAL_InitTick                             0x0800263d   Thumb Code    64  stm32g0xx_hal.o(.text.HAL_InitTick)
    HAL_MspInit                              0x08002681   Thumb Code    40  stm32g0xx_hal_msp.o(.text.HAL_MspInit)
    HAL_NVIC_EnableIRQ                       0x080026ad   Thumb Code    20  stm32g0xx_hal_cortex.o(.text.HAL_NVIC_EnableIRQ)
    HAL_NVIC_SetPriority                     0x080026c5   Thumb Code    48  stm32g0xx_hal_cortex.o(.text.HAL_NVIC_SetPriority)
    HAL_PWREx_ControlVoltageScaling          0x080026fd   Thumb Code   120  stm32g0xx_hal_pwr_ex.o(.text.HAL_PWREx_ControlVoltageScaling)
    HAL_RCCEx_PeriphCLKConfig                0x08002781   Thumb Code   364  stm32g0xx_hal_rcc_ex.o(.text.HAL_RCCEx_PeriphCLKConfig)
    HAL_RCC_ClockConfig                      0x080028fd   Thumb Code   480  stm32g0xx_hal_rcc.o(.text.HAL_RCC_ClockConfig)
    HAL_RCC_GetPCLK1Freq                     0x08002aed   Thumb Code    28  stm32g0xx_hal_rcc.o(.text.HAL_RCC_GetPCLK1Freq)
    HAL_RCC_GetSysClockFreq                  0x08002b11   Thumb Code   124  stm32g0xx_hal_rcc.o(.text.HAL_RCC_GetSysClockFreq)
    HAL_RCC_OscConfig                        0x08002b99   Thumb Code  1060  stm32g0xx_hal_rcc.o(.text.HAL_RCC_OscConfig)
    HAL_SYSTICK_Config                       0x08002fd9   Thumb Code    40  stm32g0xx_hal_cortex.o(.text.HAL_SYSTICK_Config)
    HAL_UART_Init                            0x0800300d   Thumb Code   112  stm32g0xx_hal_uart.o(.text.HAL_UART_Init)
    HAL_UART_MspInit                         0x0800307d   Thumb Code    92  usart.o(.text.HAL_UART_MspInit)
    HardFault_Handler                        0x080030e1   Thumb Code     2  stm32g0xx_it.o(.text.HardFault_Handler)
    MX_GPIO_Init                             0x08003489   Thumb Code   280  gpio.o(.text.MX_GPIO_Init)
    MX_I2C1_Init                             0x080035b1   Thumb Code    84  i2c.o(.text.MX_I2C1_Init)
    MX_USART2_UART_Init                      0x08003611   Thumb Code    52  usart.o(.text.MX_USART2_UART_Init)
    NMI_Handler                              0x08003649   Thumb Code     2  stm32g0xx_it.o(.text.NMI_Handler)
    PendSV_Handler                           0x0800364b   Thumb Code     2  stm32g0xx_it.o(.text.PendSV_Handler)
    STMFLASH_ReadByte                        0x0800364d   Thumb Code     4  flash.o(.text.STMFLASH_ReadByte)
    STMFLASH_Write_64                        0x08003651   Thumb Code   200  flash.o(.text.STMFLASH_Write_64)
    SVC_Handler                              0x0800371d   Thumb Code     2  stm32g0xx_it.o(.text.SVC_Handler)
    SysTick_Handler                          0x0800371f   Thumb Code     8  stm32g0xx_it.o(.text.SysTick_Handler)
    SystemInit                               0x08003727   Thumb Code     2  system_stm32g0xx.o(.text.SystemInit)
    UART_AdvFeatureConfig                    0x08003729   Thumb Code   210  stm32g0xx_hal_uart.o(.text.UART_AdvFeatureConfig)
    UART_CheckIdleState                      0x080037fd   Thumb Code   204  stm32g0xx_hal_uart.o(.text.UART_CheckIdleState)
    UART_SetConfig                           0x080038cd   Thumb Code   308  stm32g0xx_hal_uart.o(.text.UART_SetConfig)
    UART_WaitOnFlagUntilTimeout              0x08003a35   Thumb Code   448  stm32g0xx_hal_uart.o(.text.UART_WaitOnFlagUntilTimeout)
    USART2_printf                            0x08003bf9   Thumb Code   312  usart.o(.text.USART2_printf)
    clk_int_callback                         0x08003d39   Thumb Code   780  main.o(.text.clk_int_callback)
    command_process                          0x08004055   Thumb Code   572  main.o(.text.command_process)
    main                                     0x08004305   Thumb Code  1904  main.o(.text.main)
    sda_int_callback                         0x08004ab9   Thumb Code   184  main.o(.text.sda_int_callback)
    stm32_FLASH_ErasePage                    0x08004b79   Thumb Code    80  flash.o(.text.stm32_FLASH_ErasePage)
    __aeabi_uidiv                            0x08004bd1   Thumb Code    68  aeabi_sdivfast.o(.text_divfast)
    __aeabi_idiv                             0x08004c15   Thumb Code   434  aeabi_sdivfast.o(.text_divfast)
    __ARM_common_ll_muluu                    0x08004dc7   Thumb Code    48  btod.o(i.__ARM_common_ll_muluu)
    __ARM_fpclassify                         0x08004df9   Thumb Code    40  fpclassify.o(i.__ARM_fpclassify)
    _is_digit                                0x08004e25   Thumb Code    14  __printf_wp.o(i._is_digit)
    _get_lc_numeric                          0x08004e35   Thumb Code    44  lc_numeric_c.o(locale$$code)
    _get_lc_ctype                            0x08004e61   Thumb Code    44  lc_ctype_c.o(locale$$code)
    _printf_fp_dec                           0x08004e8d   Thumb Code    16  printf1.o(x$fpl$printf1)
    _printf_fp_hex                           0x08004e9d   Thumb Code    16  printf2.o(x$fpl$printf2)
    __I$use$fp                               0x08004eac   Number         0  usenofp.o(x$fpl$usenofp)
    AHBPrescTable                            0x08004fa8   Data          64  system_stm32g0xx.o(.rodata.AHBPrescTable)
    APBPrescTable                            0x08004fe8   Data          32  system_stm32g0xx.o(.rodata.APBPrescTable)
    UARTPrescTable                           0x08005008   Data          24  stm32g0xx_hal_uart.o(.rodata.UARTPrescTable)
    sensor_info                              0x08005020   Data          20  main.o(.rodata.sensor_info)
    Region$$Table$$Base                      0x08005050   Number         0  anon$$obj.o(Region$$Table)
    Region$$Table$$Limit                     0x08005070   Number         0  anon$$obj.o(Region$$Table)
    __ctype                                  0x08005099   Data           0  lc_ctype_c.o(locale$$data)
    I2C_status                               0x20000000   Data           4  main.o(.data..L_MergedGlobals)
    switch_value                             0x20000004   Data           4  main.o(.data..L_MergedGlobals)
    T_MAX                                    0x20000008   Data           4  main.o(.data..L_MergedGlobals)
    T_MIN                                    0x2000000c   Data           4  main.o(.data..L_MergedGlobals)
    uwTickFreq                               0x20000010   Data           1  stm32g0xx_hal.o(.data..L_MergedGlobals)
    uwTickPrio                               0x20000014   Data           4  stm32g0xx_hal.o(.data..L_MergedGlobals)
    SystemCoreClock                          0x20000018   Data           4  system_stm32g0xx.o(.data.SystemCoreClock)
    __libspace_start                         0x20000020   Data          96  libspace.o(.bss)
    __temporary_stack_top$libspace           0x20000080   Data           0  libspace.o(.bss)
    read_raw                                 0x20000080   Data           1  main.o(.bss..L_MergedGlobals.11)
    need_flash                               0x20000081   Data           1  main.o(.bss..L_MergedGlobals.11)
    data_addr                                0x20000082   Data           2  main.o(.bss..L_MergedGlobals.11)
    data_i                                   0x20000084   Data           2  main.o(.bss..L_MergedGlobals.11)
    on_data                                  0x20000086   Data           2  main.o(.bss..L_MergedGlobals.11)
    on_send_data                             0x20000088   Data           2  main.o(.bss..L_MergedGlobals.11)
    data_send                                0x2000008a   Data           2  main.o(.bss..L_MergedGlobals.11)
    filter_s                                 0x2000008c   Data           4  main.o(.bss..L_MergedGlobals.11)
    filter_n                                 0x20000090   Data           4  main.o(.bss..L_MergedGlobals.11)
    filter_s_old                             0x20000094   Data           4  main.o(.bss..L_MergedGlobals.11)
    led_status                               0x20000098   Data           4  main.o(.bss..L_MergedGlobals.11)
    connected_flag                           0x2000009c   Data           4  main.o(.bss..L_MergedGlobals.11)
    SDA_int_or_output                        0x200000a0   Data           4  main.o(.bss..L_MergedGlobals.11)
    EX0                                      0x200000a4   Data           4  main.o(.bss..L_MergedGlobals.11)
    EX1                                      0x200000a8   Data           4  main.o(.bss..L_MergedGlobals.11)
    i2c_timeout                              0x200000ac   Data           4  main.o(.bss..L_MergedGlobals.11)
    i2c_timeout_j                            0x200000b0   Data           4  main.o(.bss..L_MergedGlobals.11)
    extt                                     0x200000b4   Data           4  main.o(.bss..L_MergedGlobals.11)
    out_range_count                          0x200000b8   Data           4  main.o(.bss..L_MergedGlobals.11)
    timer_count                              0x200000bc   Data           4  main.o(.bss..L_MergedGlobals.11)
    hi2c1                                    0x200000c0   Data          84  i2c.o(.bss.hi2c1)
    huart2                                   0x20000114   Data         148  usart.o(.bss.huart2)
    pFlash                                   0x200001a8   Data          28  stm32g0xx_hal_flash.o(.bss.pFlash)
    table_point                              0x200001c4   Data         150  main.o(.bss.table_point)
    usart_txBuff                             0x20000260   Data         256  usart.o(.bss.usart_txBuff)
    uwTick                                   0x20000360   Data           4  stm32g0xx_hal.o(.bss.uwTick)



==============================================================================

Memory Map of the image

  Image Entry point : 0x080000c1

  Load Region LR_IROM1 (Base: 0x08000000, Size: 0x000051c0, Max: 0x00008000, ABSOLUTE)

    Execution Region ER_IROM1 (Exec base: 0x08000000, Load base: 0x08000000, Size: 0x0000519c, Max: 0x00008000, ABSOLUTE)

    Exec Addr    Load Addr    Size         Type   Attr      Idx    E Section Name        Object

    0x08000000   0x08000000   0x000000c0   Data   RO            3    RESET               startup_stm32g030xx.o
    0x080000c0   0x080000c0   0x00000008   Code   RO          944  * !!!main             c_p.l(__main.o)
    0x080000c8   0x080000c8   0x00000054   Code   RO         1279    !!!scatter          c_p.l(__scatter.o)
    0x0800011c   0x0800011c   0x0000001a   Code   RO         1283    !!handler_copy      c_p.l(__scatter_copy.o)
    0x08000136   0x08000136   0x00000002   PAD
    0x08000138   0x08000138   0x00000002   Code   RO         1280    !!handler_null      c_p.l(__scatter.o)
    0x0800013a   0x0800013a   0x00000002   PAD
    0x0800013c   0x0800013c   0x0000001c   Code   RO         1285    !!handler_zi        c_p.l(__scatter_zi.o)
    0x08000158   0x08000158   0x00000002   Code   RO         1032    .ARM.Collect$$_printf_percent$$00000000  c_p.l(_printf_percent.o)
    0x0800015a   0x0800015a   0x0000000a   Code   RO         1021    .ARM.Collect$$_printf_percent$$00000001  c_p.l(_printf_n.o)
    0x08000164   0x08000164   0x0000000a   Code   RO         1023    .ARM.Collect$$_printf_percent$$00000002  c_p.l(_printf_p.o)
    0x0800016e   0x0800016e   0x0000000a   Code   RO         1028    .ARM.Collect$$_printf_percent$$00000003  c_p.l(_printf_f.o)
    0x08000178   0x08000178   0x0000000a   Code   RO         1029    .ARM.Collect$$_printf_percent$$00000004  c_p.l(_printf_e.o)
    0x08000182   0x08000182   0x0000000a   Code   RO         1030    .ARM.Collect$$_printf_percent$$00000005  c_p.l(_printf_g.o)
    0x0800018c   0x0800018c   0x0000000a   Code   RO         1031    .ARM.Collect$$_printf_percent$$00000006  c_p.l(_printf_a.o)
    0x08000196   0x08000196   0x0000000a   Code   RO         1036    .ARM.Collect$$_printf_percent$$00000007  c_p.l(_printf_ll.o)
    0x080001a0   0x080001a0   0x0000000a   Code   RO         1025    .ARM.Collect$$_printf_percent$$00000008  c_p.l(_printf_i.o)
    0x080001aa   0x080001aa   0x0000000a   Code   RO         1026    .ARM.Collect$$_printf_percent$$00000009  c_p.l(_printf_d.o)
    0x080001b4   0x080001b4   0x0000000a   Code   RO         1027    .ARM.Collect$$_printf_percent$$0000000A  c_p.l(_printf_u.o)
    0x080001be   0x080001be   0x0000000a   Code   RO         1024    .ARM.Collect$$_printf_percent$$0000000B  c_p.l(_printf_o.o)
    0x080001c8   0x080001c8   0x0000000a   Code   RO         1022    .ARM.Collect$$_printf_percent$$0000000C  c_p.l(_printf_x.o)
    0x080001d2   0x080001d2   0x0000000a   Code   RO         1033    .ARM.Collect$$_printf_percent$$0000000D  c_p.l(_printf_lli.o)
    0x080001dc   0x080001dc   0x0000000a   Code   RO         1034    .ARM.Collect$$_printf_percent$$0000000E  c_p.l(_printf_lld.o)
    0x080001e6   0x080001e6   0x0000000a   Code   RO         1035    .ARM.Collect$$_printf_percent$$0000000F  c_p.l(_printf_llu.o)
    0x080001f0   0x080001f0   0x0000000a   Code   RO         1040    .ARM.Collect$$_printf_percent$$00000010  c_p.l(_printf_llo.o)
    0x080001fa   0x080001fa   0x0000000a   Code   RO         1041    .ARM.Collect$$_printf_percent$$00000011  c_p.l(_printf_llx.o)
    0x08000204   0x08000204   0x0000000a   Code   RO         1037    .ARM.Collect$$_printf_percent$$00000012  c_p.l(_printf_l.o)
    0x0800020e   0x0800020e   0x0000000a   Code   RO         1019    .ARM.Collect$$_printf_percent$$00000013  c_p.l(_printf_c.o)
    0x08000218   0x08000218   0x0000000a   Code   RO         1020    .ARM.Collect$$_printf_percent$$00000014  c_p.l(_printf_s.o)
    0x08000222   0x08000222   0x0000000a   Code   RO         1038    .ARM.Collect$$_printf_percent$$00000015  c_p.l(_printf_lc.o)
    0x0800022c   0x0800022c   0x0000000a   Code   RO         1039    .ARM.Collect$$_printf_percent$$00000016  c_p.l(_printf_ls.o)
    0x08000236   0x08000236   0x00000004   Code   RO         1086    .ARM.Collect$$_printf_percent$$00000017  c_p.l(_printf_percent_end.o)
    0x0800023a   0x0800023a   0x00000002   Code   RO         1126    .ARM.Collect$$libinit$$00000000  c_p.l(libinit.o)
    0x0800023c   0x0800023c   0x00000000   Code   RO         1152    .ARM.Collect$$libinit$$00000002  c_p.l(libinit2.o)
    0x0800023c   0x0800023c   0x00000000   Code   RO         1154    .ARM.Collect$$libinit$$00000004  c_p.l(libinit2.o)
    0x0800023c   0x0800023c   0x00000000   Code   RO         1156    .ARM.Collect$$libinit$$00000006  c_p.l(libinit2.o)
    0x0800023c   0x0800023c   0x00000000   Code   RO         1159    .ARM.Collect$$libinit$$0000000C  c_p.l(libinit2.o)
    0x0800023c   0x0800023c   0x00000000   Code   RO         1161    .ARM.Collect$$libinit$$0000000E  c_p.l(libinit2.o)
    0x0800023c   0x0800023c   0x00000000   Code   RO         1163    .ARM.Collect$$libinit$$00000010  c_p.l(libinit2.o)
    0x0800023c   0x0800023c   0x00000006   Code   RO         1164    .ARM.Collect$$libinit$$00000011  c_p.l(libinit2.o)
    0x08000242   0x08000242   0x00000000   Code   RO         1166    .ARM.Collect$$libinit$$00000013  c_p.l(libinit2.o)
    0x08000242   0x08000242   0x0000000c   Code   RO         1167    .ARM.Collect$$libinit$$00000014  c_p.l(libinit2.o)
    0x0800024e   0x0800024e   0x00000000   Code   RO         1168    .ARM.Collect$$libinit$$00000015  c_p.l(libinit2.o)
    0x0800024e   0x0800024e   0x00000000   Code   RO         1170    .ARM.Collect$$libinit$$00000017  c_p.l(libinit2.o)
    0x0800024e   0x0800024e   0x0000000a   Code   RO         1171    .ARM.Collect$$libinit$$00000018  c_p.l(libinit2.o)
    0x08000258   0x08000258   0x00000000   Code   RO         1172    .ARM.Collect$$libinit$$00000019  c_p.l(libinit2.o)
    0x08000258   0x08000258   0x00000000   Code   RO         1174    .ARM.Collect$$libinit$$0000001B  c_p.l(libinit2.o)
    0x08000258   0x08000258   0x00000000   Code   RO         1176    .ARM.Collect$$libinit$$0000001D  c_p.l(libinit2.o)
    0x08000258   0x08000258   0x00000000   Code   RO         1178    .ARM.Collect$$libinit$$0000001F  c_p.l(libinit2.o)
    0x08000258   0x08000258   0x00000000   Code   RO         1180    .ARM.Collect$$libinit$$00000021  c_p.l(libinit2.o)
    0x08000258   0x08000258   0x00000000   Code   RO         1182    .ARM.Collect$$libinit$$00000023  c_p.l(libinit2.o)
    0x08000258   0x08000258   0x00000000   Code   RO         1184    .ARM.Collect$$libinit$$00000025  c_p.l(libinit2.o)
    0x08000258   0x08000258   0x00000000   Code   RO         1186    .ARM.Collect$$libinit$$00000027  c_p.l(libinit2.o)
    0x08000258   0x08000258   0x00000000   Code   RO         1190    .ARM.Collect$$libinit$$0000002E  c_p.l(libinit2.o)
    0x08000258   0x08000258   0x00000000   Code   RO         1192    .ARM.Collect$$libinit$$00000030  c_p.l(libinit2.o)
    0x08000258   0x08000258   0x00000000   Code   RO         1194    .ARM.Collect$$libinit$$00000032  c_p.l(libinit2.o)
    0x08000258   0x08000258   0x00000000   Code   RO         1196    .ARM.Collect$$libinit$$00000034  c_p.l(libinit2.o)
    0x08000258   0x08000258   0x00000002   Code   RO         1197    .ARM.Collect$$libinit$$00000035  c_p.l(libinit2.o)
    0x0800025a   0x0800025a   0x00000002   Code   RO         1234    .ARM.Collect$$libshutdown$$00000000  c_p.l(libshutdown.o)
    0x0800025c   0x0800025c   0x00000000   Code   RO         1262    .ARM.Collect$$libshutdown$$00000002  c_p.l(libshutdown2.o)
    0x0800025c   0x0800025c   0x00000000   Code   RO         1264    .ARM.Collect$$libshutdown$$00000004  c_p.l(libshutdown2.o)
    0x0800025c   0x0800025c   0x00000000   Code   RO         1267    .ARM.Collect$$libshutdown$$00000007  c_p.l(libshutdown2.o)
    0x0800025c   0x0800025c   0x00000000   Code   RO         1270    .ARM.Collect$$libshutdown$$0000000A  c_p.l(libshutdown2.o)
    0x0800025c   0x0800025c   0x00000000   Code   RO         1272    .ARM.Collect$$libshutdown$$0000000C  c_p.l(libshutdown2.o)
    0x0800025c   0x0800025c   0x00000000   Code   RO         1275    .ARM.Collect$$libshutdown$$0000000F  c_p.l(libshutdown2.o)
    0x0800025c   0x0800025c   0x00000002   Code   RO         1276    .ARM.Collect$$libshutdown$$00000010  c_p.l(libshutdown2.o)
    0x0800025e   0x0800025e   0x00000000   Code   RO          946    .ARM.Collect$$rtentry$$00000000  c_p.l(__rtentry.o)
    0x0800025e   0x0800025e   0x00000000   Code   RO         1053    .ARM.Collect$$rtentry$$00000002  c_p.l(__rtentry2.o)
    0x0800025e   0x0800025e   0x00000006   Code   RO         1065    .ARM.Collect$$rtentry$$00000004  c_p.l(__rtentry4.o)
    0x08000264   0x08000264   0x00000000   Code   RO         1055    .ARM.Collect$$rtentry$$00000009  c_p.l(__rtentry2.o)
    0x08000264   0x08000264   0x00000004   Code   RO         1056    .ARM.Collect$$rtentry$$0000000A  c_p.l(__rtentry2.o)
    0x08000268   0x08000268   0x00000000   Code   RO         1058    .ARM.Collect$$rtentry$$0000000C  c_p.l(__rtentry2.o)
    0x08000268   0x08000268   0x00000008   Code   RO         1059    .ARM.Collect$$rtentry$$0000000D  c_p.l(__rtentry2.o)
    0x08000270   0x08000270   0x00000002   Code   RO         1136    .ARM.Collect$$rtexit$$00000000  c_p.l(rtexit.o)
    0x08000272   0x08000272   0x00000000   Code   RO         1203    .ARM.Collect$$rtexit$$00000002  c_p.l(rtexit2.o)
    0x08000272   0x08000272   0x00000004   Code   RO         1204    .ARM.Collect$$rtexit$$00000003  c_p.l(rtexit2.o)
    0x08000276   0x08000276   0x00000006   Code   RO         1205    .ARM.Collect$$rtexit$$00000004  c_p.l(rtexit2.o)
    0x0800027c   0x0800027c   0x00000038   Code   RO            4    .text               startup_stm32g030xx.o
    0x080002b4   0x080002b4   0x00000024   Code   RO          928    .text               c_p.l(vsprintf.o)
    0x080002d8   0x080002d8   0x00000044   Code   RO          930    .text               c_p.l(strlen.o)
    0x0800031c   0x0800031c   0x00000012   Code   RO          932    .text               c_p.l(aeabi_memset4.o)
    0x0800032e   0x0800032e   0x00000002   PAD
    0x08000330   0x08000330   0x000001f8   Code   RO          934    .text               c_p.l(aeabi_sdivfast.o)
    0x08000528   0x08000528   0x00000006   Code   RO          942    .text               c_p.l(heapauxi.o)
    0x0800052e   0x0800052e   0x0000004e   Code   RO          953    .text               c_p.l(_printf_pad.o)
    0x0800057c   0x0800057c   0x00000024   Code   RO          955    .text               c_p.l(_printf_truncate.o)
    0x080005a0   0x080005a0   0x00000052   Code   RO          957    .text               c_p.l(_printf_str.o)
    0x080005f2   0x080005f2   0x00000002   PAD
    0x080005f4   0x080005f4   0x0000006c   Code   RO          959    .text               c_p.l(_printf_dec.o)
    0x08000660   0x08000660   0x00000026   Code   RO          961    .text               c_p.l(_printf_charcount.o)
    0x08000686   0x08000686   0x00000002   PAD
    0x08000688   0x08000688   0x00000030   Code   RO          963    .text               c_p.l(_printf_char_common.o)
    0x080006b8   0x080006b8   0x0000000a   Code   RO          965    .text               c_p.l(_sputc.o)
    0x080006c2   0x080006c2   0x00000002   PAD
    0x080006c4   0x080006c4   0x000000bc   Code   RO          967    .text               c_p.l(_printf_wctomb.o)
    0x08000780   0x08000780   0x00000070   Code   RO          970    .text               c_p.l(_printf_longlong_dec.o)
    0x080007f0   0x080007f0   0x00000070   Code   RO          976    .text               c_p.l(_printf_oct_int_ll.o)
    0x08000860   0x08000860   0x00000098   Code   RO          996    .text               c_p.l(_printf_hex_int_ll_ptr.o)
    0x080008f8   0x080008f8   0x00000188   Code   RO         1016    .text               c_p.l(__printf_flags_ss_wp.o)
    0x08000a80   0x08000a80   0x00000040   Code   RO         1042    .text               c_p.l(rt_memclr.o)
    0x08000ac0   0x08000ac0   0x0000007a   Code   RO         1069    .text               c_p.l(lludiv10.o)
    0x08000b3a   0x08000b3a   0x000000b0   Code   RO         1071    .text               c_p.l(_printf_intcommon.o)
    0x08000bea   0x08000bea   0x00000002   PAD
    0x08000bec   0x08000bec   0x00000414   Code   RO         1073    .text               c_p.l(_printf_fp_dec.o)
    0x08001000   0x08001000   0x000002d8   Code   RO         1077    .text               c_p.l(_printf_fp_hex.o)
    0x080012d8   0x080012d8   0x0000002e   Code   RO         1082    .text               c_p.l(_printf_char.o)
    0x08001306   0x08001306   0x0000002e   Code   RO         1084    .text               c_p.l(_printf_wchar.o)
    0x08001334   0x08001334   0x00000042   Code   RO         1087    .text               c_p.l(_c16rtomb.o)
    0x08001376   0x08001376   0x00000028   Code   RO         1089    .text               c_p.l(rtudiv10.o)
    0x0800139e   0x0800139e   0x0000003e   Code   RO         1091    .text               c_p.l(sys_stackheap_outer.o)
    0x080013dc   0x080013dc   0x00000010   Code   RO         1094    .text               c_p.l(rt_ctype_table.o)
    0x080013ec   0x080013ec   0x00000008   Code   RO         1099    .text               c_p.l(rt_locale_intlibspace.o)
    0x080013f4   0x080013f4   0x00000088   Code   RO         1101    .text               c_p.l(_printf_fp_infnan.o)
    0x0800147c   0x0800147c   0x000000d8   Code   RO         1103    .text               c_p.l(bigflt0.o)
    0x08001554   0x08001554   0x00000580   Code   RO         1106    .text               c_p.l(btod.o)
    0x08001ad4   0x08001ad4   0x00000010   Code   RO         1115    .text               c_p.l(exit.o)
    0x08001ae4   0x08001ae4   0x00000008   Code   RO         1132    .text               c_p.l(libspace.o)
    0x08001aec   0x08001aec   0x000000b0   Code   RO         1149    .text               c_p.l(strcmpv6m.o)
    0x08001b9c   0x08001b9c   0x0000000c   Code   RO         1198    .text               c_p.l(sys_exit.o)
    0x08001ba8   0x08001ba8   0x00000002   Code   RO         1223    .text               c_p.l(use_no_semi.o)
    0x08001baa   0x08001baa   0x00000000   Code   RO         1225    .text               c_p.l(indicate_semi.o)
    0x08001baa   0x08001baa   0x0000003c   Code   RO           37    .text.Add_OddEven   main.o
    0x08001be6   0x08001be6   0x00000012   Code   RO          137    .text.EXTI4_15_IRQHandler  stm32g0xx_it.o
    0x08001bf8   0x08001bf8   0x00000002   Code   RO           63    .text.Error_Handler  main.o
    0x08001bfa   0x08001bfa   0x00000002   PAD
    0x08001bfc   0x08001bfc   0x000000a8   Code   RO          389    .text.FLASH_WaitForLastOperation  stm32g0xx_hal_flash.o
    0x08001ca4   0x08001ca4   0x00000024   Code   RO          654    .text.HAL_Delay     stm32g0xx_hal.o
    0x08001cc8   0x08001cc8   0x000000c4   Code   RO          420    .text.HAL_FLASHEx_Erase  stm32g0xx_hal_flash_ex.o
    0x08001d8c   0x08001d8c   0x00000074   Code   RO          401    .text.HAL_FLASH_Lock  stm32g0xx_hal_flash.o
    0x08001e00   0x08001e00   0x000001b8   Code   RO          387    .text.HAL_FLASH_Program  stm32g0xx_hal_flash.o
    0x08001fb8   0x08001fb8   0x00000028   Code   RO          399    .text.HAL_FLASH_Unlock  stm32g0xx_hal_flash.o
    0x08001fe0   0x08001fe0   0x00000034   Code   RO           49    .text.HAL_GPIO_EXTI_Falling_Callback  main.o
    0x08002014   0x08002014   0x00000028   Code   RO          456    .text.HAL_GPIO_EXTI_IRQHandler  stm32g0xx_hal_gpio.o
    0x0800203c   0x0800203c   0x00000038   Code   RO           47    .text.HAL_GPIO_EXTI_Rising_Callback  main.o
    0x08002074   0x08002074   0x000001b0   Code   RO          444    .text.HAL_GPIO_Init  stm32g0xx_hal_gpio.o
    0x08002224   0x08002224   0x0000000a   Code   RO          448    .text.HAL_GPIO_ReadPin  stm32g0xx_hal_gpio.o
    0x0800222e   0x0800222e   0x00000010   Code   RO          450    .text.HAL_GPIO_WritePin  stm32g0xx_hal_gpio.o
    0x0800223e   0x0800223e   0x00000002   PAD
    0x08002240   0x08002240   0x00000008   Code   RO          646    .text.HAL_GetTick   stm32g0xx_hal.o
    0x08002248   0x08002248   0x00000042   Code   RO          308    .text.HAL_I2CEx_ConfigAnalogFilter  stm32g0xx_hal_i2c_ex.o
    0x0800228a   0x0800228a   0x00000042   Code   RO          310    .text.HAL_I2CEx_ConfigDigitalFilter  stm32g0xx_hal_i2c_ex.o
    0x080022cc   0x080022cc   0x00000028   Code   RO          316    .text.HAL_I2CEx_EnableFastModePlus  stm32g0xx_hal_i2c_ex.o
    0x080022f4   0x080022f4   0x00000004   Code   RO          284    .text.HAL_I2C_GetError  stm32g0xx_hal_i2c.o
    0x080022f8   0x080022f8   0x000000b4   Code   RO          154    .text.HAL_I2C_Init  stm32g0xx_hal_i2c.o
    0x080023ac   0x080023ac   0x000001c8   Code   RO          162    .text.HAL_I2C_Master_Transmit  stm32g0xx_hal_i2c.o
    0x08002574   0x08002574   0x00000088   Code   RO           94    .text.HAL_I2C_MspInit  i2c.o
    0x080025fc   0x080025fc   0x00000014   Code   RO          644    .text.HAL_IncTick   stm32g0xx_hal.o
    0x08002610   0x08002610   0x0000002c   Code   RO          634    .text.HAL_Init      stm32g0xx_hal.o
    0x0800263c   0x0800263c   0x00000044   Code   RO          636    .text.HAL_InitTick  stm32g0xx_hal.o
    0x08002680   0x08002680   0x0000002c   Code   RO          146    .text.HAL_MspInit   stm32g0xx_hal_msp.o
    0x080026ac   0x080026ac   0x00000018   Code   RO          594    .text.HAL_NVIC_EnableIRQ  stm32g0xx_hal_cortex.o
    0x080026c4   0x080026c4   0x00000038   Code   RO          592    .text.HAL_NVIC_SetPriority  stm32g0xx_hal_cortex.o
    0x080026fc   0x080026fc   0x00000084   Code   RO          578    .text.HAL_PWREx_ControlVoltageScaling  stm32g0xx_hal_pwr_ex.o
    0x08002780   0x08002780   0x0000017c   Code   RO          368    .text.HAL_RCCEx_PeriphCLKConfig  stm32g0xx_hal_rcc_ex.o
    0x080028fc   0x080028fc   0x000001f0   Code   RO          332    .text.HAL_RCC_ClockConfig  stm32g0xx_hal_rcc.o
    0x08002aec   0x08002aec   0x00000024   Code   RO          340    .text.HAL_RCC_GetPCLK1Freq  stm32g0xx_hal_rcc.o
    0x08002b10   0x08002b10   0x00000088   Code   RO          334    .text.HAL_RCC_GetSysClockFreq  stm32g0xx_hal_rcc.o
    0x08002b98   0x08002b98   0x00000440   Code   RO          330    .text.HAL_RCC_OscConfig  stm32g0xx_hal_rcc.o
    0x08002fd8   0x08002fd8   0x00000034   Code   RO          600    .text.HAL_SYSTICK_Config  stm32g0xx_hal_cortex.o
    0x0800300c   0x0800300c   0x00000070   Code   RO          728    .text.HAL_UART_Init  stm32g0xx_hal_uart.o
    0x0800307c   0x0800307c   0x00000064   Code   RO          109    .text.HAL_UART_MspInit  usart.o
    0x080030e0   0x080030e0   0x00000002   Code   RO          129    .text.HardFault_Handler  stm32g0xx_it.o
    0x080030e2   0x080030e2   0x00000002   PAD
    0x080030e4   0x080030e4   0x0000017c   Code   RO          298    .text.I2C_IsErrorOccurred  stm32g0xx_hal_i2c.o
    0x08003260   0x08003260   0x000000fa   Code   RO          164    .text.I2C_WaitOnFlagUntilTimeout  stm32g0xx_hal_i2c.o
    0x0800335a   0x0800335a   0x00000086   Code   RO          168    .text.I2C_WaitOnSTOPFlagUntilTimeout  stm32g0xx_hal_i2c.o
    0x080033e0   0x080033e0   0x000000a6   Code   RO          166    .text.I2C_WaitOnTXISFlagUntilTimeout  stm32g0xx_hal_i2c.o
    0x08003486   0x08003486   0x00000002   PAD
    0x08003488   0x08003488   0x00000128   Code   RO           84    .text.MX_GPIO_Init  gpio.o
    0x080035b0   0x080035b0   0x00000060   Code   RO           92    .text.MX_I2C1_Init  i2c.o
    0x08003610   0x08003610   0x00000038   Code   RO          107    .text.MX_USART2_UART_Init  usart.o
    0x08003648   0x08003648   0x00000002   Code   RO          127    .text.NMI_Handler   stm32g0xx_it.o
    0x0800364a   0x0800364a   0x00000002   Code   RO          133    .text.PendSV_Handler  stm32g0xx_it.o
    0x0800364c   0x0800364c   0x00000004   Code   RO           15    .text.STMFLASH_ReadByte  flash.o
    0x08003650   0x08003650   0x000000cc   Code   RO           19    .text.STMFLASH_Write_64  flash.o
    0x0800371c   0x0800371c   0x00000002   Code   RO          131    .text.SVC_Handler   stm32g0xx_it.o
    0x0800371e   0x0800371e   0x00000008   Code   RO          135    .text.SysTick_Handler  stm32g0xx_it.o
    0x08003726   0x08003726   0x00000002   Code   RO          912    .text.SystemInit    system_stm32g0xx.o
    0x08003728   0x08003728   0x000000d2   Code   RO          732    .text.UART_AdvFeatureConfig  stm32g0xx_hal_uart.o
    0x080037fa   0x080037fa   0x00000002   PAD
    0x080037fc   0x080037fc   0x000000d0   Code   RO          736    .text.UART_CheckIdleState  stm32g0xx_hal_uart.o
    0x080038cc   0x080038cc   0x00000168   Code   RO          734    .text.UART_SetConfig  stm32g0xx_hal_uart.o
    0x08003a34   0x08003a34   0x000001c4   Code   RO          750    .text.UART_WaitOnFlagUntilTimeout  stm32g0xx_hal_uart.o
    0x08003bf8   0x08003bf8   0x00000140   Code   RO          113    .text.USART2_printf  usart.o
    0x08003d38   0x08003d38   0x0000031c   Code   RO           43    .text.clk_int_callback  main.o
    0x08004054   0x08004054   0x000002b0   Code   RO           57    .text.command_process  main.o
    0x08004304   0x08004304   0x000007b4   Code   RO           59    .text.main          main.o
    0x08004ab8   0x08004ab8   0x000000c0   Code   RO           45    .text.sda_int_callback  main.o
    0x08004b78   0x08004b78   0x00000058   Code   RO           13    .text.stm32_FLASH_ErasePage  flash.o
    0x08004bd0   0x08004bd0   0x000001f6   Code   RO          935    .text_divfast       c_p.l(aeabi_sdivfast.o)
    0x08004dc6   0x08004dc6   0x00000030   Code   RO         1108    i.__ARM_common_ll_muluu  c_p.l(btod.o)
    0x08004df6   0x08004df6   0x00000002   PAD
    0x08004df8   0x08004df8   0x0000002c   Code   RO         1130    i.__ARM_fpclassify  m_ps.l(fpclassify.o)
    0x08004e24   0x08004e24   0x0000000e   Code   RO         1009    i._is_digit         c_p.l(__printf_wp.o)
    0x08004e32   0x08004e32   0x00000002   PAD
    0x08004e34   0x08004e34   0x0000002c   Code   RO         1113    locale$$code        c_p.l(lc_numeric_c.o)
    0x08004e60   0x08004e60   0x0000002c   Code   RO         1143    locale$$code        c_p.l(lc_ctype_c.o)
    0x08004e8c   0x08004e8c   0x00000010   Code   RO         1044    x$fpl$printf1       fz_ps.l(printf1.o)
    0x08004e9c   0x08004e9c   0x00000010   Code   RO         1046    x$fpl$printf2       fz_ps.l(printf2.o)
    0x08004eac   0x08004eac   0x00000000   Code   RO         1129    x$fpl$usenofp       fz_ps.l(usenofp.o)
    0x08004eac   0x08004eac   0x00000008   Data   RO          968    .constdata          c_p.l(_printf_wctomb.o)
    0x08004eb4   0x08004eb4   0x00000028   Data   RO          997    .constdata          c_p.l(_printf_hex_int_ll_ptr.o)
    0x08004edc   0x08004edc   0x00000011   Data   RO         1017    .constdata          c_p.l(__printf_flags_ss_wp.o)
    0x08004eed   0x08004eed   0x00000026   Data   RO         1078    .constdata          c_p.l(_printf_fp_hex.o)
    0x08004f13   0x08004f13   0x00000001   PAD
    0x08004f14   0x08004f14   0x00000094   Data   RO         1104    .constdata          c_p.l(bigflt0.o)
    0x08004fa8   0x08004fa8   0x00000040   Data   RO          917    .rodata.AHBPrescTable  system_stm32g0xx.o
    0x08004fe8   0x08004fe8   0x00000020   Data   RO          918    .rodata.APBPrescTable  system_stm32g0xx.o
    0x08005008   0x08005008   0x00000018   Data   RO          862    .rodata.UARTPrescTable  stm32g0xx_hal_uart.o
    0x08005020   0x08005020   0x00000014   Data   RO           66    .rodata.sensor_info  main.o
    0x08005034   0x08005034   0x0000001b   Data   RO           70    .rodata.str1.1      main.o
    0x0800504f   0x0800504f   0x00000001   PAD
    0x08005050   0x08005050   0x00000020   Data   RO         1278    Region$$Table       anon$$obj.o
    0x08005070   0x08005070   0x0000001c   Data   RO         1112    locale$$data        c_p.l(lc_numeric_c.o)
    0x0800508c   0x0800508c   0x00000110   Data   RO         1142    locale$$data        c_p.l(lc_ctype_c.o)


    Execution Region RW_IRAM1 (Exec base: 0x20000000, Load base: 0x080051a0, Size: 0x00000968, Max: 0x00002000, ABSOLUTE)

    Exec Addr    Load Addr    Size         Type   Attr      Idx    E Section Name        Object

    0x20000000   0x080051a0   0x00000010   Data   RW           74    .data..L_MergedGlobals  main.o
    0x20000010   0x080051b0   0x00000008   Data   RW          693    .data..L_MergedGlobals  stm32g0xx_hal.o
    0x20000018   0x080051b8   0x00000004   Data   RW          916    .data.SystemCoreClock  system_stm32g0xx.o
    0x2000001c   0x080051bc   0x00000004   PAD
    0x20000020        -       0x00000060   Zero   RW         1133    .bss                c_p.l(libspace.o)
    0x20000080        -       0x00000040   Zero   RW           75    .bss..L_MergedGlobals.11  main.o
    0x200000c0        -       0x00000054   Zero   RW           98    .bss.hi2c1          i2c.o
    0x20000114        -       0x00000094   Zero   RW          117    .bss.huart2         usart.o
    0x200001a8        -       0x0000001c   Zero   RW          411    .bss.pFlash         stm32g0xx_hal_flash.o
    0x200001c4        -       0x00000096   Zero   RW           69    .bss.table_point    main.o
    0x2000025a   0x080051bc   0x00000006   PAD
    0x20000260        -       0x00000100   Zero   RW          118    .bss.usart_txBuff   usart.o
    0x20000360        -       0x00000004   Zero   RW          692    .bss.uwTick         stm32g0xx_hal.o
    0x20000364   0x080051bc   0x00000004   PAD
    0x20000368        -       0x00000200   Zero   RW            2    HEAP                startup_stm32g030xx.o
    0x20000568        -       0x00000400   Zero   RW            1    STACK               startup_stm32g030xx.o


==============================================================================

Image component sizes


      Code (inc. data)   RO Data    RW Data    ZI Data      Debug   Object Name

       296         12          0          0          0       3938   flash.o
       296         16          0          0          0       2660   gpio.o
       232         24          0          0         84       5812   i2c.o
      3818        300         47         16        214      22303   main.o
        56         26        192          0       1536        620   startup_stm32g030xx.o
       176         16          0          8          4       6685   stm32g0xx_hal.o
       132         24          0          0          0       6799   stm32g0xx_hal_cortex.o
       764         24          0          0         28       9441   stm32g0xx_hal_flash.o
       196         12          0          0          0       5674   stm32g0xx_hal_flash_ex.o
       498         24          0          0          0       4756   stm32g0xx_hal_gpio.o
      1570         32          0          0          0      68742   stm32g0xx_hal_i2c.o
       172          8          0          0          0       5958   stm32g0xx_hal_i2c_ex.o
        44          4          0          0          0       1286   stm32g0xx_hal_msp.o
       132         12          0          0          0       4908   stm32g0xx_hal_pwr_ex.o
      1756         84          0          0          0       9328   stm32g0xx_hal_rcc.o
       380         16          0          0          0       6234   stm32g0xx_hal_rcc_ex.o
      1342         80         24          0          0      49536   stm32g0xx_hal_uart.o
        34          0          0          0          0        963   stm32g0xx_it.o
         2          0         96          4          0       1976   system_stm32g0xx.o
       476         20          0          0        404       6592   usart.o

    ----------------------------------------------------------------------
     12382        734        392         28       2284     224211   Object Totals
         0          0         32          0          0          0   (incl. Generated)
        10          0          1          0         14          0   (incl. Padding)

    ----------------------------------------------------------------------

      Code (inc. data)   RO Data    RW Data    ZI Data      Debug   Library Member Name

         8          0          0          0          0         68   __main.o
       392          6         17          0          0         76   __printf_flags_ss_wp.o
        14          0          0          0          0         60   __printf_wp.o
         0          0          0          0          0          0   __rtentry.o
        12          0          0          0          0          0   __rtentry2.o
         6          0          0          0          0          0   __rtentry4.o
        86         10          0          0          0          0   __scatter.o
        26          0          0          0          0          0   __scatter_copy.o
        28          0          0          0          0          0   __scatter_zi.o
        66          0          0          0          0         76   _c16rtomb.o
        10          0          0          0          0          0   _printf_a.o
        10          0          0          0          0          0   _printf_c.o
        46          0          0          0          0        100   _printf_char.o
        48          6          0          0          0         88   _printf_char_common.o
        38          0          0          0          0         60   _printf_charcount.o
        10          0          0          0          0          0   _printf_d.o
       108         18          0          0          0         76   _printf_dec.o
        10          0          0          0          0          0   _printf_e.o
        10          0          0          0          0          0   _printf_f.o
      1044         12          0          0          0        116   _printf_fp_dec.o
       728         10         38          0          0         84   _printf_fp_hex.o
       136         16          0          0          0         76   _printf_fp_infnan.o
        10          0          0          0          0          0   _printf_g.o
       152          4         40          0          0        148   _printf_hex_int_ll_ptr.o
        10          0          0          0          0          0   _printf_i.o
       176          0          0          0          0         84   _printf_intcommon.o
        10          0          0          0          0          0   _printf_l.o
        10          0          0          0          0          0   _printf_lc.o
        10          0          0          0          0          0   _printf_ll.o
        10          0          0          0          0          0   _printf_lld.o
        10          0          0          0          0          0   _printf_lli.o
        10          0          0          0          0          0   _printf_llo.o
        10          0          0          0          0          0   _printf_llu.o
        10          0          0          0          0          0   _printf_llx.o
       112         18          0          0          0         76   _printf_longlong_dec.o
        10          0          0          0          0          0   _printf_ls.o
        10          0          0          0          0          0   _printf_n.o
        10          0          0          0          0          0   _printf_o.o
       112         10          0          0          0        112   _printf_oct_int_ll.o
        10          0          0          0          0          0   _printf_p.o
        78          0          0          0          0        100   _printf_pad.o
         2          0          0          0          0          0   _printf_percent.o
         4          0          0          0          0          0   _printf_percent_end.o
        10          0          0          0          0          0   _printf_s.o
        82          0          0          0          0         72   _printf_str.o
        36          0          0          0          0         76   _printf_truncate.o
        10          0          0          0          0          0   _printf_u.o
        46          0          0          0          0        100   _printf_wchar.o
       188          6          8          0          0         80   _printf_wctomb.o
        10          0          0          0          0          0   _printf_x.o
        10          0          0          0          0         60   _sputc.o
        18          0          0          0          0         68   aeabi_memset4.o
      1006          4          0          0          0        184   aeabi_sdivfast.o
       216          6        148          0          0         80   bigflt0.o
      1456         30          0          0          0        336   btod.o
        16          0          0          0          0         68   exit.o
         6          0          0          0          0        136   heapauxi.o
         0          0          0          0          0          0   indicate_semi.o
        44         10        272          0          0         76   lc_ctype_c.o
        44         10         28          0          0         76   lc_numeric_c.o
         2          0          0          0          0          0   libinit.o
        30          0          0          0          0          0   libinit2.o
         2          0          0          0          0          0   libshutdown.o
         2          0          0          0          0          0   libshutdown2.o
         8          4          0          0         96         68   libspace.o
       122          0          0          0          0         72   lludiv10.o
        16          4          0          0          0         76   rt_ctype_table.o
         8          4          0          0          0         68   rt_locale_intlibspace.o
        64          0          0          0          0        108   rt_memclr.o
         2          0          0          0          0          0   rtexit.o
        10          0          0          0          0          0   rtexit2.o
        40          0          0          0          0         60   rtudiv10.o
       176          4          0          0          0         80   strcmpv6m.o
        68          6          0          0          0         72   strlen.o
        12          4          0          0          0         60   sys_exit.o
        62          0          0          0          0         80   sys_stackheap_outer.o
         2          0          0          0          0         68   use_no_semi.o
        36          4          0          0          0         68   vsprintf.o
        16          4          0          0          0         76   printf1.o
        16          4          0          0          0         76   printf2.o
         0          0          0          0          0          0   usenofp.o
        44          4          0          0          0         60   fpclassify.o

    ----------------------------------------------------------------------
      7566        218        552          0         96       3904   Library Totals
        18          0          1          0          0          0   (incl. Padding)

    ----------------------------------------------------------------------

      Code (inc. data)   RO Data    RW Data    ZI Data      Debug   Library Name

      7472        206        551          0         96       3692   c_p.l
        32          8          0          0          0        152   fz_ps.l
        44          4          0          0          0         60   m_ps.l

    ----------------------------------------------------------------------
      7566        218        552          0         96       3904   Library Totals

    ----------------------------------------------------------------------

==============================================================================


      Code (inc. data)   RO Data    RW Data    ZI Data      Debug   

     19948        952        944         28       2380     225943   Grand Totals
     19948        952        944         28       2380     225943   ELF Image Totals
     19948        952        944         28          0          0   ROM Totals

==============================================================================

    Total RO  Size (Code + RO Data)                20892 (  20.40kB)
    Total RW  Size (RW Data + ZI Data)              2408 (   2.35kB)
    Total ROM Size (Code + RO Data + RW Data)      20920 (  20.43kB)

==============================================================================

